========= COMPUTE-SANITIZER
/home/psk6950/MiniWorld/.pixi/envs/cu128/lib/python3.10/site-packages/torch/jit/_script.py:1480: DeprecationWarning: `torch.jit.script` is deprecated. Please switch to `torch.compile` or `torch.export`.
  warnings.warn(
/home/psk6950/MiniWorld/.pixi/envs/cu128/lib/python3.10/site-packages/torch/jit/_script.py:362: DeprecationWarning: `torch.jit.script_method` is deprecated. Please switch to `torch.compile` or `torch.export`.
  warnings.warn(
RESOURCE 1 0 ['    56 bytes stack frame, 52 bytes spill stores, 68 bytes spill loads', 'ptxas info    : Used 168 registers, used 1 barriers, 56 bytes cumulative stack size']
CUBIN b1 /home/psk6950/MiniWorld/runs/trimul_split_bwd_20260921/build/f2ea9fb03f9c8ebdcf7f6acd4e0314ea6ec7e308d1bc6c6f40e74d79567de626.cubin ptxas info    : 0 bytes gmem
ptxas info    : Compiling entry function 'b1_reduce' for 'sm_90a'
ptxas info    : Function properties for b1_reduce
    0 bytes stack frame, 0 bytes spill stores, 0 bytes spill loads
ptxas info    : Used 31 registers, used 0 barriers
ptxas info    : Compile time = 7.683 ms
ptxas info    : Compiling entry function 'b1_fused' for 'sm_90a'
ptxas info    : Function properties for b1_fused
    0 bytes stack frame, 0 bytes spill stores, 0 bytes spill loads
ptxas info    : Used 255 registers, used 16 barriers, 1024 bytes smem
ptxas info    : Compile time = 613.235 ms

CUBIN /home/psk6950/MiniWorld/runs/trimul_split_bwd_20260921/build/d7ca96f26d834736e71bad92539274f8f63fcfd779b719e9b4eac2cc25d4cfdd.cubin {'SPLIT_ROLE': 1, 'USE_SAVED_XN': 1, 'DW_SPLITS': 16, 'PIPE_CONSUMERS': 1, 'DX_CTAS': 132, 'DW_PROD_REGS': 32, 'DW_CONS_REGS': 224, 'UCOUNT': 256, 'DX_RESIDENT': 1, 'WGRAD_SLICES': 2} ['0 bytes stack frame, 0 bytes spill stores, 0 bytes spill loads', 'ptxas info    : Used 128 registers, used 16 barriers, 1024 bytes smem']
CUBIN /home/psk6950/MiniWorld/runs/trimul_split_bwd_20260921/build/ecb1769c4aaeceab620cdad111f444c14ded5f403fff44d60b4cb4c68fb63549.cubin {'SPLIT_ROLE': 2, 'USE_SAVED_XN': 1, 'DW_SPLITS': 16, 'PIPE_CONSUMERS': 1, 'DX_CTAS': 132, 'DW_PROD_REGS': 32, 'DW_CONS_REGS': 224, 'UCOUNT': 132, 'DX_RESIDENT': 1, 'WGRAD_SLICES': 2} ['0 bytes stack frame, 0 bytes spill stores, 0 bytes spill loads', 'ptxas info    : Used 180 registers, used 16 barriers, 2048 bytes smem']
BUILD 690cba395784023b18a9532855c5fe27fea2da2ef3a82683d1df4d647231678f.cubin /home/psk6950/MiniWorld/runs/trimul_b1_shared_20260921/b1_fused.cu(164): warning #177-D: variable "x" was declared but never referenced
    uint8_t* x=sm+16384+slot*49152;
             ^

Remark: The warnings can be suppressed with "-diag-suppress <warning-number>"

ptxas info    : 0 bytes gmem
ptxas info    : Compiling entry function 'b1_reduce' for 'sm_90a'
ptxas info    : Function properties for b1_reduce
    0 bytes stack frame, 0 bytes spill stores, 0 bytes spill loads
ptxas info    : Used 32 registers, used 0 barriers
ptxas info    : Compile time = 14.686 ms
ptxas info    : Compiling entry function 'b1_fused' for 'sm_90a'
ptxas info    : Function properties for b1_fused
    16 bytes stack frame, 16 bytes spill stores, 16 bytes spill loads
ptxas info    : Used 255 registers, used 16 barriers, 16 bytes cumulative stack size, 1024 bytes smem
ptxas info    : Compile time = 456.486 ms

CUBIN k3 3 2 False 1 /home/psk6950/MiniWorld/runs/trimul_ln_policy_v4_20260921/build/0f20b2b408dcab8fd300e6e91a184dfd5319baf89c1f86e68130019be314d1c2.cubin ['0 bytes stack frame, 0 bytes spill stores, 0 bytes spill loads', 'ptxas info    : Used 168 registers, used 1 barriers']
BUILD e3d245af4b49f065b66ab8da52f16e61350693b9f06ade9cb4199aa71bee6021.cubin /home/psk6950/MiniWorld/runs/trimul_ln_policy_v4_20260921/b1_lowreg.inc(5): warning #177-D: variable "sx" was declared but never referenced
   uint8_t* sx=sm+32768+slot*49152;
            ^

Remark: The warnings can be suppressed with "-diag-suppress <warning-number>"

/home/psk6950/MiniWorld/runs/trimul_ln_policy_v4_20260921/b1_fused.cu(243): warning #177-D: variable "x" was declared but never referenced
    uint8_t* x=sm+16384+slot*49152;
             ^

ptxas info    : 0 bytes gmem
ptxas info    : Compiling entry function 'b1_reduce' for 'sm_90a'
ptxas info    : Function properties for b1_reduce
    0 bytes stack frame, 0 bytes spill stores, 0 bytes spill loads
ptxas info    : Used 32 registers, used 0 barriers
ptxas info    : Compile time = 14.642 ms
ptxas info    : Compiling entry function 'b1_fused' for 'sm_90a'
ptxas info    : Function properties for b1_fused
    0 bytes stack frame, 0 bytes spill stores, 0 bytes spill loads
ptxas info    : Used 255 registers, used 16 barriers, 1024 bytes smem
ptxas info    : Compile time = 458.727 ms

CUBIN k3 3 2 False 1 /home/psk6950/MiniWorld/runs/trimul_xhat_native2_20260921/build/9b557c012f7b5ecd780b60e10206d2d9371b1cd7cebdec9070db1f01b92af53f.cubin ['0 bytes stack frame, 0 bytes spill stores, 0 bytes spill loads', 'ptxas info    : Used 168 registers, used 1 barriers']
BUILD 610721ffdf01daf27e1f5a8761802b90a2feaf25ddda038deab022b6bb6aea63.cubin /home/psk6950/MiniWorld/runs/trimul_xhat_native2_20260921/b1_lowreg.inc(5): warning #177-D: variable "sx" was declared but never referenced
   uint8_t* sx=sm+32768+slot*49152;
            ^

Remark: The warnings can be suppressed with "-diag-suppress <warning-number>"

/home/psk6950/MiniWorld/runs/trimul_xhat_native2_20260921/b1_fused.cu(181): warning #177-D: variable "r" was declared but never referenced
     for(int j=0;j<4;++j){int r=(j&1)?rb:ra,cc=c+8*(j>>1);float a=h[j*2],b=h[j*2+1];f[j]=pack_bf16(__fmaf_rn(a,ps[256+cc],ps[512+cc]),__fmaf_rn(b,ps[257+cc],ps[513+cc]));}
                              ^

/home/psk6950/MiniWorld/runs/trimul_xhat_native2_20260921/b1_fused.cu(251): warning #177-D: variable "x" was declared but never referenced
    uint8_t* x=sm+16384+slot*49152;
             ^

ptxas info    : 0 bytes gmem
ptxas info    : Compiling entry function 'b1_reduce' for 'sm_90a'
ptxas info    : Function properties for b1_reduce
    0 bytes stack frame, 0 bytes spill stores, 0 bytes spill loads
ptxas info    : Used 32 registers, used 0 barriers
ptxas info    : Compile time = 14.853 ms
ptxas info    : Compiling entry function 'b1_fused' for 'sm_90a'
ptxas info    : Function properties for b1_fused
    16 bytes stack frame, 16 bytes spill stores, 16 bytes spill loads
ptxas info    : Used 255 registers, used 16 barriers, 16 bytes cumulative stack size, 1024 bytes smem
ptxas info    : Compile time = 400.374 ms

CHECK baseline True {'forward': 0.0, 'dx': 0.0, 'dWL': 0.0, 'dWLg': 0.0, 'dWR': 0.0, 'dWRg': 0.0, 'dWgate': 0.0, 'dWproj': 0.0, 'dgamma_in': 0.0, 'dbeta_in': 0.0, 'dgamma_out': 0.0, 'dbeta_out': 0.0}
CHECK prior_xhat True {'forward': 0.0, 'dx': 0.0, 'dWL': 0.0, 'dWLg': 0.0, 'dWR': 0.0, 'dWRg': 0.0, 'dWgate': 0.0, 'dWproj': 0.0, 'dgamma_in': 0.0, 'dbeta_in': 0.0, 'dgamma_out': 0.0, 'dbeta_out': 0.0}
CHECK xhat_fp32 True {'forward': 0.0, 'dx': 0.0, 'dWL': 0.0, 'dWLg': 0.0, 'dWR': 0.0, 'dWRg': 0.0, 'dWgate': 0.0, 'dWproj': 0.0, 'dgamma_in': 0.0, 'dbeta_in': 0.0, 'dgamma_out': 0.0, 'dbeta_out': 0.0}
MUTATED baseline True {'forward': 0.0, 'dx': 0.0, 'dWL': 0.0, 'dWLg': 0.0, 'dWR': 0.0, 'dWRg': 0.0, 'dWgate': 0.0, 'dWproj': 0.0, 'dgamma_in': 0.0, 'dbeta_in': 0.0, 'dgamma_out': 0.0, 'dbeta_out': 0.0}
MUTATED prior_xhat True {'forward': 0.0, 'dx': 0.0, 'dWL': 0.0, 'dWLg': 0.0, 'dWR': 0.0, 'dWRg': 0.0, 'dWgate': 0.0, 'dWproj': 0.0, 'dgamma_in': 0.0, 'dbeta_in': 0.0, 'dgamma_out': 0.0, 'dbeta_out': 0.0}
MUTATED xhat_fp32 True {'forward': 0.0, 'dx': 0.0, 'dWL': 0.0, 'dWLg': 0.0, 'dWR': 0.0, 'dWRg': 0.0, 'dWgate': 0.0, 'dWproj': 0.0, 'dgamma_in': 0.0, 'dbeta_in': 0.0, 'dgamma_out': 0.0, 'dbeta_out': 0.0}
CHECK_ONLY_DONE
========= ERROR SUMMARY: 0 errors
