========= COMPUTE-SANITIZER
/home/psk6950/MiniWorld/.pixi/envs/cu128/lib/python3.10/site-packages/torch/jit/_script.py:1480: DeprecationWarning: `torch.jit.script` is deprecated. Please switch to `torch.compile` or `torch.export`.
  warnings.warn(
/home/psk6950/MiniWorld/.pixi/envs/cu128/lib/python3.10/site-packages/torch/jit/_script.py:362: DeprecationWarning: `torch.jit.script_method` is deprecated. Please switch to `torch.compile` or `torch.export`.
  warnings.warn(
CUBIN k3 3 2 False -1 /home/psk6950/MiniWorld/runs/trimul_ln_policy_v4_20260921/build/b3c1096fe2fe452f29026c432a25af246c72a76047d1c572fe0d889793369cc3.cubin ['0 bytes stack frame, 0 bytes spill stores, 0 bytes spill loads', 'ptxas info    : Used 168 registers, used 1 barriers']
BUILD f3774ba75371a399345d43d751c6cba9fb7af482cf54760b6b211612476da7f7.cubin /home/psk6950/MiniWorld/runs/trimul_ln_policy_v4_20260921/b1_fused.cu(243): warning #177-D: variable "x" was declared but never referenced
    uint8_t* x=sm+16384+slot*49152;
             ^

Remark: The warnings can be suppressed with "-diag-suppress <warning-number>"

ptxas info    : 0 bytes gmem
ptxas info    : Compiling entry function 'b1_reduce' for 'sm_90a'
ptxas info    : Function properties for b1_reduce
    0 bytes stack frame, 0 bytes spill stores, 0 bytes spill loads
ptxas info    : Used 32 registers, used 0 barriers
ptxas info    : Compile time = 14.464 ms
ptxas info    : Compiling entry function 'b1_fused' for 'sm_90a'
ptxas info    : Function properties for b1_fused
    0 bytes stack frame, 0 bytes spill stores, 0 bytes spill loads
ptxas info    : Used 243 registers, used 16 barriers, 1024 bytes smem
ptxas info    : Compile time = 402.045 ms

CUBIN /home/psk6950/MiniWorld/runs/trimul_split_bwd_20260921/build/d7ca96f26d834736e71bad92539274f8f63fcfd779b719e9b4eac2cc25d4cfdd.cubin {'SPLIT_ROLE': 1, 'USE_SAVED_XN': 1, 'DW_SPLITS': 16, 'PIPE_CONSUMERS': 1, 'DX_CTAS': 132, 'DW_PROD_REGS': 32, 'DW_CONS_REGS': 224, 'UCOUNT': 256, 'DX_RESIDENT': 1, 'WGRAD_SLICES': 2} ['0 bytes stack frame, 0 bytes spill stores, 0 bytes spill loads', 'ptxas info    : Used 128 registers, used 16 barriers, 1024 bytes smem']
CUBIN /home/psk6950/MiniWorld/runs/trimul_split_bwd_20260921/build/ecb1769c4aaeceab620cdad111f444c14ded5f403fff44d60b4cb4c68fb63549.cubin {'SPLIT_ROLE': 2, 'USE_SAVED_XN': 1, 'DW_SPLITS': 16, 'PIPE_CONSUMERS': 1, 'DX_CTAS': 132, 'DW_PROD_REGS': 32, 'DW_CONS_REGS': 224, 'UCOUNT': 132, 'DX_RESIDENT': 1, 'WGRAD_SLICES': 2} ['0 bytes stack frame, 0 bytes spill stores, 0 bytes spill loads', 'ptxas info    : Used 180 registers, used 16 barriers, 2048 bytes smem']
BUILD e574c64d4a08d4330c8505c37c1774460068663c3fab3d685c1c6261dfa12236.cubin /home/psk6950/MiniWorld/runs/trimul_b1_tri_opt_20260921/b1_fused.cu(264): warning #177-D: variable "x" was declared but never referenced
    uint8_t* x=sm+16384+slot*49152;
             ^

Remark: The warnings can be suppressed with "-diag-suppress <warning-number>"

ptxas info    : 0 bytes gmem
ptxas info    : Compiling entry function 'b1_reduce' for 'sm_90a'
ptxas info    : Function properties for b1_reduce
    0 bytes stack frame, 0 bytes spill stores, 0 bytes spill loads
ptxas info    : Used 32 registers, used 0 barriers
ptxas info    : Compile time = 14.766 ms
ptxas info    : Compiling entry function 'b1_fused' for 'sm_90a'
ptxas info    : Function properties for b1_fused
    0 bytes stack frame, 0 bytes spill stores, 0 bytes spill loads
ptxas info    : Used 241 registers, used 16 barriers, 1024 bytes smem
ptxas info    : Compile time = 403.216 ms

BUILD f4d1f6151b583dfe7c09ee7b87c86f5c22371f7a3fd8a86c4c14895ddd878f7f.cubin /home/psk6950/MiniWorld/runs/trimul_b1_sol90_selected_20260921/b1_fused.cu(281): warning #177-D: variable "x" was declared but never referenced
    uint8_t* x=sm+16384+slot*49152;
             ^

Remark: The warnings can be suppressed with "-diag-suppress <warning-number>"

/home/psk6950/MiniWorld/runs/trimul_b1_sol90_selected_20260921/b1_fused.cu(261): warning #177-D: variable "wi" was declared but never referenced
   int wi=threadIdx.x/128,round=0,mi=0;
       ^

ptxas info    : 0 bytes gmem
ptxas info    : Compiling entry function 'b1_reduce' for 'sm_90a'
ptxas info    : Function properties for b1_reduce
    0 bytes stack frame, 0 bytes spill stores, 0 bytes spill loads
ptxas info    : Used 32 registers, used 0 barriers
ptxas info    : Compile time = 14.144 ms
ptxas info    : Compiling entry function 'b1_fused' for 'sm_90a'
ptxas info    : Function properties for b1_fused
    0 bytes stack frame, 0 bytes spill stores, 0 bytes spill loads
ptxas info    : Used 255 registers, used 16 barriers, 1024 bytes smem
ptxas info    : Compile time = 513.850 ms

BUILD 54de4760aa0004ffe7de64850f3deb2522212965e39c7a1b549eabcfb22a1753.cubin /home/psk6950/MiniWorld/runs/trimul_b1_epilogue_fixed_20260921/lowreg_stats.inc(89): warning #177-D: variable "dba0" was declared but never referenced
      float dga=daa*xaa+dba*xba,dgb=dab*xab+dbb*xbb,dba0=daa+dba,dbb0=dab+dbb;
                                                    ^

Remark: The warnings can be suppressed with "-diag-suppress <warning-number>"

/home/psk6950/MiniWorld/runs/trimul_b1_epilogue_fixed_20260921/lowreg_stats.inc(89): warning #177-D: variable "dbb0" was declared but never referenced
      float dga=daa*xaa+dba*xba,dgb=dab*xab+dbb*xbb,dba0=daa+dba,dbb0=dab+dbb;
                                                                 ^

/home/psk6950/MiniWorld/runs/trimul_b1_epilogue_fixed_20260921/lowreg_stats.inc(75): warning #177-D: variable "tmp" was declared but never referenced
   float* tmp=reinterpret_cast<float*>(sm+216064);
          ^

/home/psk6950/MiniWorld/runs/trimul_b1_epilogue_fixed_20260921/b1_fused.cu(296): warning #177-D: variable "x" was declared but never referenced
    uint8_t* x=sm+16384+slot*49152;
             ^

/home/psk6950/MiniWorld/runs/trimul_b1_epilogue_fixed_20260921/b1_fused.cu(276): warning #177-D: variable "wi" was declared but never referenced
   int wi=threadIdx.x/128,round=0,mi=0;
       ^

ptxas info    : 0 bytes gmem
ptxas info    : Compiling entry function 'b1_reduce' for 'sm_90a'
ptxas info    : Function properties for b1_reduce
    0 bytes stack frame, 0 bytes spill stores, 0 bytes spill loads
ptxas info    : Used 32 registers, used 0 barriers
ptxas info    : Compile time = 14.382 ms
ptxas info    : Compiling entry function 'b1_fused' for 'sm_90a'
ptxas info    : Function properties for b1_fused
    0 bytes stack frame, 0 bytes spill stores, 0 bytes spill loads
ptxas info    : Used 253 registers, used 16 barriers, 1024 bytes smem
ptxas info    : Compile time = 382.286 ms

BUILD 75299e244ed5730591e448f60a920df87720bfde0f0d7dbc137476f6ea6213bc.cubin /home/psk6950/MiniWorld/runs/trimul_b1_wait_folding_20260921/lowreg_stats.inc(106): warning #177-D: variable "dba0" was declared but never referenced
      float dga=daa*xaa+dba*xba,dgb=dab*xab+dbb*xbb,dba0=daa+dba,dbb0=dab+dbb;
                                                    ^

Remark: The warnings can be suppressed with "-diag-suppress <warning-number>"

/home/psk6950/MiniWorld/runs/trimul_b1_wait_folding_20260921/lowreg_stats.inc(106): warning #177-D: variable "dbb0" was declared but never referenced
      float dga=daa*xaa+dba*xba,dgb=dab*xab+dbb*xbb,dba0=daa+dba,dbb0=dab+dbb;
                                                                 ^

/home/psk6950/MiniWorld/runs/trimul_b1_wait_folding_20260921/lowreg_stats.inc(92): warning #177-D: variable "tmp" was declared but never referenced
   float* tmp=reinterpret_cast<float*>(sm+216064);
          ^

/home/psk6950/MiniWorld/runs/trimul_b1_wait_folding_20260921/b1_fused.cu(311): warning #177-D: variable "x" was declared but never referenced
    uint8_t* x=sm+16384+slot*49152;
             ^

/home/psk6950/MiniWorld/runs/trimul_b1_wait_folding_20260921/b1_fused.cu(291): warning #177-D: variable "wi" was declared but never referenced
   int wi=threadIdx.x/128,round=0,mi=0;
       ^

ptxas info    : 0 bytes gmem
ptxas info    : Compiling entry function 'b1_reduce' for 'sm_90a'
ptxas info    : Function properties for b1_reduce
    0 bytes stack frame, 0 bytes spill stores, 0 bytes spill loads
ptxas info    : Used 32 registers, used 0 barriers
ptxas info    : Compile time = 14.466 ms
ptxas info    : Compiling entry function 'b1_fused' for 'sm_90a'
ptxas info    : Function properties for b1_fused
    0 bytes stack frame, 0 bytes spill stores, 0 bytes spill loads
ptxas info    : Used 253 registers, used 16 barriers, 1024 bytes smem
ptxas info    : Compile time = 383.798 ms

CUBIN /home/psk6950/MiniWorld/runs/trimul_b7_dx_prefetch_20260921/build/802475de4c14751df134f14b91876810645a34cc51db5f8c7a943144158892a5.cubin {'SPLIT_ROLE': 1, 'USE_SAVED_XN': 1, 'DW_SPLITS': 16, 'PIPE_CONSUMERS': 1, 'DX_CTAS': 132, 'DW_PROD_REGS': 32, 'DW_CONS_REGS': 224, 'UCOUNT': 256, 'DX_RESIDENT': 1, 'WGRAD_SLICES': 2, 'B7_SKIP_XN_RESTORE': 1, 'DW_OVERLAP': 0, 'B7_LN_MODE': 2, 'B7_XN_EARLY': 1, 'B7_MASK_HOIST': 1} ['0 bytes stack frame, 0 bytes spill stores, 0 bytes spill loads', 'ptxas info    : Used 128 registers, used 16 barriers, 1024 bytes smem']
CUBIN /home/psk6950/MiniWorld/runs/trimul_b7_dx_prefetch_20260921/build/0602b28c5d594784801981e1da7c5a2df9f05ac0613e31a6b26b746744fa5bf3.cubin {'SPLIT_ROLE': 2, 'USE_SAVED_XN': 1, 'DW_SPLITS': 16, 'PIPE_CONSUMERS': 1, 'DX_CTAS': 132, 'DW_PROD_REGS': 32, 'DW_CONS_REGS': 224, 'UCOUNT': 132, 'DX_RESIDENT': 1, 'WGRAD_SLICES': 2, 'B7_SKIP_XN_RESTORE': 1, 'DW_OVERLAP': 0, 'B7_LN_MODE': 2, 'B7_XN_EARLY': 1, 'B7_MASK_HOIST': 1} ['0 bytes stack frame, 0 bytes spill stores, 0 bytes spill loads', 'ptxas info    : Used 199 registers, used 16 barriers, 1024 bytes smem']
STRESS_PASS 384 0
STRESS_PASS 384 1
STRESS_PASS 384 2
========= ERROR SUMMARY: 0 errors
