========= COMPUTE-SANITIZER
/home/psk6950/MiniWorld/.pixi/envs/cu128/lib/python3.10/site-packages/torch/jit/_script.py:1480: DeprecationWarning: `torch.jit.script` is deprecated. Please switch to `torch.compile` or `torch.export`.
  warnings.warn(
/home/psk6950/MiniWorld/.pixi/envs/cu128/lib/python3.10/site-packages/torch/jit/_script.py:362: DeprecationWarning: `torch.jit.script_method` is deprecated. Please switch to `torch.compile` or `torch.export`.
  warnings.warn(
CUBIN k3 3 2 False -1 /home/psk6950/MiniWorld/runs/trimul_ln_policy_v4_20260921/build/b3c1096fe2fe452f29026c432a25af246c72a76047d1c572fe0d889793369cc3.cubin ['0 bytes stack frame, 0 bytes spill stores, 0 bytes spill loads', 'ptxas info    : Used 168 registers, used 1 barriers']
BUILD 35cf70b5597602a485874044269f3d672936aeb0a64dd2b306bba4d796f0c7dd.cubin /home/psk6950/MiniWorld/runs/trimul_ln_policy_v4_20260921/b1_fused.cu(243): warning #177-D: variable "x" was declared but never referenced
    uint8_t* x=sm+16384+slot*49152;
             ^

Remark: The warnings can be suppressed with "-diag-suppress <warning-number>"

ptxas info    : 0 bytes gmem
ptxas info    : Compiling entry function 'b1_reduce' for 'sm_90a'
ptxas info    : Function properties for b1_reduce
    0 bytes stack frame, 0 bytes spill stores, 0 bytes spill loads
ptxas info    : Used 32 registers, used 0 barriers
ptxas info    : Compile time = 14.900 ms
ptxas info    : Compiling entry function 'b1_fused' for 'sm_90a'
ptxas info    : Function properties for b1_fused
    0 bytes stack frame, 0 bytes spill stores, 0 bytes spill loads
ptxas info    : Used 243 registers, used 16 barriers, 1024 bytes smem
ptxas info    : Compile time = 411.736 ms

CUBIN /home/psk6950/MiniWorld/runs/trimul_split_bwd_20260921/build/d7ca96f26d834736e71bad92539274f8f63fcfd779b719e9b4eac2cc25d4cfdd.cubin {'SPLIT_ROLE': 1, 'USE_SAVED_XN': 1, 'DW_SPLITS': 16, 'PIPE_CONSUMERS': 1, 'DX_CTAS': 132, 'DW_PROD_REGS': 32, 'DW_CONS_REGS': 224, 'UCOUNT': 256, 'DX_RESIDENT': 1, 'WGRAD_SLICES': 2} ['0 bytes stack frame, 0 bytes spill stores, 0 bytes spill loads', 'ptxas info    : Used 128 registers, used 16 barriers, 1024 bytes smem']
CUBIN /home/psk6950/MiniWorld/runs/trimul_split_bwd_20260921/build/ecb1769c4aaeceab620cdad111f444c14ded5f403fff44d60b4cb4c68fb63549.cubin {'SPLIT_ROLE': 2, 'USE_SAVED_XN': 1, 'DW_SPLITS': 16, 'PIPE_CONSUMERS': 1, 'DX_CTAS': 132, 'DW_PROD_REGS': 32, 'DW_CONS_REGS': 224, 'UCOUNT': 132, 'DX_RESIDENT': 1, 'WGRAD_SLICES': 2} ['0 bytes stack frame, 0 bytes spill stores, 0 bytes spill loads', 'ptxas info    : Used 180 registers, used 16 barriers, 2048 bytes smem']
BUILD a20b4ae53498e3b9beb09f3d6a70cc5e49c6df32ee45e53e8686175c58f16a47.cubin /home/psk6950/MiniWorld/runs/trimul_b1_tri_opt_20260921/b1_fused.cu(264): warning #177-D: variable "x" was declared but never referenced
    uint8_t* x=sm+16384+slot*49152;
             ^

Remark: The warnings can be suppressed with "-diag-suppress <warning-number>"

ptxas info    : 0 bytes gmem
ptxas info    : Compiling entry function 'b1_reduce' for 'sm_90a'
ptxas info    : Function properties for b1_reduce
    0 bytes stack frame, 0 bytes spill stores, 0 bytes spill loads
ptxas info    : Used 32 registers, used 0 barriers
ptxas info    : Compile time = 14.913 ms
ptxas info    : Compiling entry function 'b1_fused' for 'sm_90a'
ptxas info    : Function properties for b1_fused
    0 bytes stack frame, 0 bytes spill stores, 0 bytes spill loads
ptxas info    : Used 241 registers, used 16 barriers, 1024 bytes smem
ptxas info    : Compile time = 389.372 ms

BUILD 7e207d8049f97030e53b95433880329b66814aca5b204792c59b16f53616646b.cubin /home/psk6950/MiniWorld/runs/trimul_b1_sol90_selected_20260921/b1_fused.cu(281): warning #177-D: variable "x" was declared but never referenced
    uint8_t* x=sm+16384+slot*49152;
             ^

Remark: The warnings can be suppressed with "-diag-suppress <warning-number>"

/home/psk6950/MiniWorld/runs/trimul_b1_sol90_selected_20260921/b1_fused.cu(261): warning #177-D: variable "wi" was declared but never referenced
   int wi=threadIdx.x/128,round=0,mi=0;
       ^

ptxas info    : 0 bytes gmem
ptxas info    : Compiling entry function 'b1_reduce' for 'sm_90a'
ptxas info    : Function properties for b1_reduce
    0 bytes stack frame, 0 bytes spill stores, 0 bytes spill loads
ptxas info    : Used 32 registers, used 0 barriers
ptxas info    : Compile time = 14.241 ms
ptxas info    : Compiling entry function 'b1_fused' for 'sm_90a'
ptxas info    : Function properties for b1_fused
    0 bytes stack frame, 0 bytes spill stores, 0 bytes spill loads
ptxas info    : Used 254 registers, used 16 barriers, 1024 bytes smem
ptxas info    : Compile time = 550.361 ms

BUILD 54a541fa4c7f5f6d388e2ab66d4ffde618d3b4c739041ada671daf0ced20598c.cubin /home/psk6950/MiniWorld/runs/trimul_b1_epilogue_fixed_20260921/lowreg_stats.inc(89): warning #177-D: variable "dba0" was declared but never referenced
      float dga=daa*xaa+dba*xba,dgb=dab*xab+dbb*xbb,dba0=daa+dba,dbb0=dab+dbb;
                                                    ^

Remark: The warnings can be suppressed with "-diag-suppress <warning-number>"

/home/psk6950/MiniWorld/runs/trimul_b1_epilogue_fixed_20260921/lowreg_stats.inc(89): warning #177-D: variable "dbb0" was declared but never referenced
      float dga=daa*xaa+dba*xba,dgb=dab*xab+dbb*xbb,dba0=daa+dba,dbb0=dab+dbb;
                                                                 ^

/home/psk6950/MiniWorld/runs/trimul_b1_epilogue_fixed_20260921/lowreg_stats.inc(75): warning #177-D: variable "tmp" was declared but never referenced
   float* tmp=reinterpret_cast<float*>(sm+216064);
          ^

/home/psk6950/MiniWorld/runs/trimul_b1_epilogue_fixed_20260921/b1_fused.cu(296): warning #177-D: variable "x" was declared but never referenced
    uint8_t* x=sm+16384+slot*49152;
             ^

/home/psk6950/MiniWorld/runs/trimul_b1_epilogue_fixed_20260921/b1_fused.cu(276): warning #177-D: variable "wi" was declared but never referenced
   int wi=threadIdx.x/128,round=0,mi=0;
       ^

ptxas info    : 0 bytes gmem
ptxas info    : Compiling entry function 'b1_reduce' for 'sm_90a'
ptxas info    : Function properties for b1_reduce
    0 bytes stack frame, 0 bytes spill stores, 0 bytes spill loads
ptxas info    : Used 32 registers, used 0 barriers
ptxas info    : Compile time = 14.199 ms
ptxas info    : Compiling entry function 'b1_fused' for 'sm_90a'
ptxas info    : Function properties for b1_fused
    0 bytes stack frame, 0 bytes spill stores, 0 bytes spill loads
ptxas info    : Used 255 registers, used 16 barriers, 1024 bytes smem
ptxas info    : Compile time = 393.591 ms

BUILD f51a7f963c2b3ca11c238ad1e608d02838b08a7cca8768741c0283b38511c201.cubin /home/psk6950/MiniWorld/runs/trimul_b1_wait_folding_20260921/lowreg_stats.inc(106): warning #177-D: variable "dba0" was declared but never referenced
      float dga=daa*xaa+dba*xba,dgb=dab*xab+dbb*xbb,dba0=daa+dba,dbb0=dab+dbb;
                                                    ^

Remark: The warnings can be suppressed with "-diag-suppress <warning-number>"

/home/psk6950/MiniWorld/runs/trimul_b1_wait_folding_20260921/lowreg_stats.inc(106): warning #177-D: variable "dbb0" was declared but never referenced
      float dga=daa*xaa+dba*xba,dgb=dab*xab+dbb*xbb,dba0=daa+dba,dbb0=dab+dbb;
                                                                 ^

/home/psk6950/MiniWorld/runs/trimul_b1_wait_folding_20260921/lowreg_stats.inc(92): warning #177-D: variable "tmp" was declared but never referenced
   float* tmp=reinterpret_cast<float*>(sm+216064);
          ^

/home/psk6950/MiniWorld/runs/trimul_b1_wait_folding_20260921/b1_fused.cu(311): warning #177-D: variable "x" was declared but never referenced
    uint8_t* x=sm+16384+slot*49152;
             ^

/home/psk6950/MiniWorld/runs/trimul_b1_wait_folding_20260921/b1_fused.cu(291): warning #177-D: variable "wi" was declared but never referenced
   int wi=threadIdx.x/128,round=0,mi=0;
       ^

ptxas info    : 0 bytes gmem
ptxas info    : Compiling entry function 'b1_reduce' for 'sm_90a'
ptxas info    : Function properties for b1_reduce
    0 bytes stack frame, 0 bytes spill stores, 0 bytes spill loads
ptxas info    : Used 32 registers, used 0 barriers
ptxas info    : Compile time = 14.154 ms
ptxas info    : Compiling entry function 'b1_fused' for 'sm_90a'
ptxas info    : Function properties for b1_fused
    0 bytes stack frame, 0 bytes spill stores, 0 bytes spill loads
ptxas info    : Used 255 registers, used 16 barriers, 1024 bytes smem
ptxas info    : Compile time = 395.432 ms

CUBIN /home/psk6950/MiniWorld/runs/trimul_b7_dw_mask_20260921/build/0354216c7a607e21fc8f86c7e71796174b66f706a43e022ef79077ef895f5ca8.cubin {'SPLIT_ROLE': 1, 'USE_SAVED_XN': 1, 'DW_SPLITS': 16, 'PIPE_CONSUMERS': 1, 'DX_CTAS': 132, 'DW_PROD_REGS': 32, 'DW_CONS_REGS': 224, 'UCOUNT': 256, 'DX_RESIDENT': 1, 'WGRAD_SLICES': 2, 'B7_SKIP_XN_RESTORE': 1, 'DW_OVERLAP': 0, 'B7_LN_MODE': 2, 'B7_XN_EARLY': 1, 'B7_MASK_HOIST': 1, 'DW_MASK_EARLY': 1} ['0 bytes stack frame, 0 bytes spill stores, 0 bytes spill loads', 'ptxas info    : Used 128 registers, used 16 barriers, 1024 bytes smem']
CUBIN /home/psk6950/MiniWorld/runs/trimul_b7_dw_mask_20260921/build/d1014cb3ac9e6d25e8d579bf4dc9908e29691cf9efa35ff3dfb8e43f0e61094e.cubin {'SPLIT_ROLE': 2, 'USE_SAVED_XN': 1, 'DW_SPLITS': 16, 'PIPE_CONSUMERS': 1, 'DX_CTAS': 132, 'DW_PROD_REGS': 32, 'DW_CONS_REGS': 224, 'UCOUNT': 132, 'DX_RESIDENT': 1, 'WGRAD_SLICES': 2, 'B7_SKIP_XN_RESTORE': 1, 'DW_OVERLAP': 0, 'B7_LN_MODE': 2, 'B7_XN_EARLY': 1, 'B7_MASK_HOIST': 1, 'DW_MASK_EARLY': 1} ['0 bytes stack frame, 0 bytes spill stores, 0 bytes spill loads', 'ptxas info    : Used 199 registers, used 16 barriers, 1024 bytes smem']
STRESS_DW_PASS 768 0
STRESS_DW_PASS 768 1
STRESS_DW_PASS 768 2
========= ERROR SUMMARY: 0 errors
