[22:51:42] Loaded 2 cached real batches
[22:51:45] Model params=21781312 backends={'triton': 296}; recycle=1; graph=off
/home/psk6950/MiniWorld/runs/phase1_compile_graph_fix/package/miniworld_engine/autotune/cache.py:1405: UserWarning: [miniworld.autotune] no tuned autotune cache entry for this shape for op 'qk_norm_rope_fwd_triton' on 'NVIDIA H100 80GB HBM3 (sm90)' (bfloat16|shape_key=1125900443781205). Falling back to the full grid (15 configs) — this run may be slower and the chosen config may be suboptimal. Build a tuned cache for this GPU with the autotune cache-builder (see docs/operations/dispatch-cache.md).
  hit = _cached_subset(self, cfgs, nargs, meta)
/home/psk6950/MiniWorld/runs/phase1_compile_graph_fix/package/miniworld_engine/autotune/cache.py:1405: UserWarning: [miniworld.autotune] no tuned autotune cache entry for this shape for op 'transition_expand_swiglu_triton' on 'NVIDIA H100 80GB HBM3 (sm90)' (bfloat16|shape_key=281477125245094). Falling back to a heuristic 24 of 1296 configs (run `miniworld-engine build all` to tune this GPU properly) — this run may be slower and the chosen config may be suboptimal. Build a tuned cache for this GPU with the autotune cache-builder (see docs/operations/dispatch-cache.md).
  hit = _cached_subset(self, cfgs, nargs, meta)
/home/psk6950/MiniWorld/runs/phase1_compile_graph_fix/package/miniworld_engine/autotune/cache.py:1405: UserWarning: [miniworld.autotune] no tuned autotune cache entry for this shape for op 'rmsnorm_fwd_triton' on 'NVIDIA H100 80GB HBM3 (sm90)' (bfloat16+float32|HAS_WEIGHT=0,shape_key=68720001818). Falling back to a heuristic 24 of 1200 configs (run `miniworld-engine build all` to tune this GPU properly) — this run may be slower and the chosen config may be suboptimal. Build a tuned cache for this GPU with the autotune cache-builder (see docs/operations/dispatch-cache.md).
  hit = _cached_subset(self, cfgs, nargs, meta)
/home/psk6950/MiniWorld/.pixi/envs/cu128/lib/python3.10/site-packages/torch/_inductor/lowering.py:7627: UserWarning: 
Online softmax is disabled on the fly since Inductor decides to
split the reduction. Cut an issue to PyTorch if this is an
important use case and you want to speed it up with online
softmax.

  warnings.warn(
/home/psk6950/MiniWorld/runs/phase1_compile_graph_fix/package/miniworld_engine/autotune/cache.py:1405: UserWarning: [miniworld.autotune] no tuned autotune cache entry for this shape for op 'layernorm_fwd_saveact_triton' on 'NVIDIA H100 80GB HBM3 (sm90)' (bfloat16+float32|HAS_ROWSCALE=0,shape_key=2473901425434). Falling back to a heuristic 24 of 800 configs (run `miniworld-engine build all` to tune this GPU properly) — this run may be slower and the chosen config may be suboptimal. Build a tuned cache for this GPU with the autotune cache-builder (see docs/operations/dispatch-cache.md).
  hit = _cached_subset(self, cfgs, nargs, meta)
/home/psk6950/MiniWorld/runs/phase1_compile_graph_fix/package/miniworld_engine/autotune/cache.py:1405: UserWarning: [miniworld.autotune] no tuned autotune cache entry for this shape for op 'trimul_gemm_gate_mmajor_triton' on 'NVIDIA H100 80GB HBM3 (sm90)' (bfloat16|SAVE_PREACT=1,shape_key=26390426815878). Falling back to a heuristic 24 of 864 configs (run `miniworld-engine build all` to tune this GPU properly) — this run may be slower and the chosen config may be suboptimal. Build a tuned cache for this GPU with the autotune cache-builder (see docs/operations/dispatch-cache.md).
  hit = _cached_subset(self, cfgs, nargs, meta)
/home/psk6950/MiniWorld/runs/phase1_compile_graph_fix/package/miniworld_engine/autotune/cache.py:1405: UserWarning: [miniworld.autotune] no tuned autotune cache entry for this shape for op 'trimul_output_f567_train_triton' on 'NVIDIA H100 80GB HBM3 (sm90)' (bfloat16|L=384,M=147456,shape_key=108090791251148953,wg0=64,wg1=1,wp0=128,wp1=1). Falling back to a heuristic 24 of 960 configs (run `miniworld-engine build all` to tune this GPU properly) — this run may be slower and the chosen config may be suboptimal. Build a tuned cache for this GPU with the autotune cache-builder (see docs/operations/dispatch-cache.md).
  hit = _cached_subset(self, cfgs, nargs, meta)
/home/psk6950/MiniWorld/runs/phase1_compile_graph_fix/package/miniworld_engine/autotune/cache.py:1405: UserWarning: [miniworld.autotune] no tuned autotune cache entry for this shape for op 'transition_expand_swiglu_triton' on 'NVIDIA H100 80GB HBM3 (sm90)' (bfloat16|shape_key=10133100236376230). Falling back to a heuristic 24 of 1296 configs (run `miniworld-engine build all` to tune this GPU properly) — this run may be slower and the chosen config may be suboptimal. Build a tuned cache for this GPU with the autotune cache-builder (see docs/operations/dispatch-cache.md).
  hit = _cached_subset(self, cfgs, nargs, meta)
/home/psk6950/MiniWorld/runs/phase1_compile_graph_fix/package/miniworld_engine/autotune/cache.py:1405: UserWarning: [miniworld.autotune] no tuned autotune cache entry for this shape for op 'layernorm_fwd_saveact_triton' on 'NVIDIA H100 80GB HBM3 (sm90)' (bfloat16+float32|HAS_ROWSCALE=0,shape_key=9895604912922). Falling back to a heuristic 24 of 800 configs (run `miniworld-engine build all` to tune this GPU properly) — this run may be slower and the chosen config may be suboptimal. Build a tuned cache for this GPU with the autotune cache-builder (see docs/operations/dispatch-cache.md).
  hit = _cached_subset(self, cfgs, nargs, meta)
/home/psk6950/MiniWorld/runs/phase1_compile_graph_fix/package/miniworld_engine/autotune/cache.py:1405: UserWarning: [miniworld.autotune] no tuned autotune cache entry for this shape for op 'transition_expand_swiglu_triton' on 'NVIDIA H100 80GB HBM3 (sm90)' (bfloat16|shape_key=40532397721127078). Falling back to a heuristic 24 of 1296 configs (run `miniworld-engine build all` to tune this GPU properly) — this run may be slower and the chosen config may be suboptimal. Build a tuned cache for this GPU with the autotune cache-builder (see docs/operations/dispatch-cache.md).
  hit = _cached_subset(self, cfgs, nargs, meta)
/home/psk6950/MiniWorld/runs/phase1_compile_graph_fix/package/miniworld_engine/autotune/cache.py:1405: UserWarning: [miniworld.autotune] no tuned autotune cache entry for this shape for op 'layernorm_bwd_atomic_triton' on 'NVIDIA H100 80GB HBM3 (sm90)' (bfloat16+float32|HAS_ROWSCALE=0,shape_key=9895604912922). Falling back to a heuristic 24 of 1440 configs (run `miniworld-engine build all` to tune this GPU properly) — this run may be slower and the chosen config may be suboptimal. Build a tuned cache for this GPU with the autotune cache-builder (see docs/operations/dispatch-cache.md).
  hit = _cached_subset(self, cfgs, nargs, meta)
/home/psk6950/MiniWorld/runs/phase1_compile_graph_fix/package/miniworld_engine/autotune/cache.py:1405: UserWarning: [miniworld.autotune] no tuned autotune cache entry for this shape for op 'transition_bwd_swiglu_recompute_triton' on 'NVIDIA H100 80GB HBM3 (sm90)' (bfloat16|NORMALIZE=0,STORE_H=1,shape_key=40532397721127078). Falling back to a heuristic 24 of 1080 configs (run `miniworld-engine build all` to tune this GPU properly) — this run may be slower and the chosen config may be suboptimal. Build a tuned cache for this GPU with the autotune cache-builder (see docs/operations/dispatch-cache.md).
  hit = _cached_subset(self, cfgs, nargs, meta)
/home/psk6950/MiniWorld/runs/phase1_compile_graph_fix/package/miniworld_engine/autotune/cache.py:1405: UserWarning: [miniworld.autotune] no tuned autotune cache entry for this shape for op 'layernorm_bwd_atomic_triton' on 'NVIDIA H100 80GB HBM3 (sm90)' (bfloat16+float32|HAS_ROWSCALE=0,shape_key=2473901425434). Falling back to a heuristic 24 of 1440 configs (run `miniworld-engine build all` to tune this GPU properly) — this run may be slower and the chosen config may be suboptimal. Build a tuned cache for this GPU with the autotune cache-builder (see docs/operations/dispatch-cache.md).
  hit = _cached_subset(self, cfgs, nargs, meta)
/home/psk6950/MiniWorld/runs/phase1_compile_graph_fix/package/miniworld_engine/autotune/cache.py:1405: UserWarning: [miniworld.autotune] no tuned autotune cache entry for this shape for op 'transition_bwd_swiglu_recompute_triton' on 'NVIDIA H100 80GB HBM3 (sm90)' (bfloat16|NORMALIZE=0,STORE_H=1,shape_key=10133100236376230). Falling back to a heuristic 24 of 1080 configs (run `miniworld-engine build all` to tune this GPU properly) — this run may be slower and the chosen config may be suboptimal. Build a tuned cache for this GPU with the autotune cache-builder (see docs/operations/dispatch-cache.md).
  hit = _cached_subset(self, cfgs, nargs, meta)
/home/psk6950/MiniWorld/runs/phase1_compile_graph_fix/package/miniworld_engine/autotune/cache.py:1405: UserWarning: [miniworld.autotune] no tuned autotune cache entry for this shape for op 'gated_projection_bwd_gate_dropres_triton' on 'NVIDIA H100 80GB HBM3 (sm90)' (bfloat16|FROM_PREACT=0,shape_key=6442713882). Falling back to a heuristic 24 of 480 configs (run `miniworld-engine build all` to tune this GPU properly) — this run may be slower and the chosen config may be suboptimal. Build a tuned cache for this GPU with the autotune cache-builder (see docs/operations/dispatch-cache.md).
  hit = _cached_subset(self, cfgs, nargs, meta)
/home/psk6950/MiniWorld/runs/phase1_compile_graph_fix/package/miniworld_engine/autotune/cache.py:1405: UserWarning: [miniworld.autotune] no tuned autotune cache entry for this shape for op 'layernorm_bwd_atomic_strided_triton' on 'NVIDIA H100 80GB HBM3 (sm90)' (bfloat16+float32|shape_key=2473901687578). Falling back to a heuristic 24 of 288 configs (run `miniworld-engine build all` to tune this GPU properly) — this run may be slower and the chosen config may be suboptimal. Build a tuned cache for this GPU with the autotune cache-builder (see docs/operations/dispatch-cache.md).
  hit = _cached_subset(self, cfgs, nargs, meta)
/home/psk6950/MiniWorld/runs/phase1_compile_graph_fix/package/miniworld_engine/autotune/cache.py:1405: UserWarning: [miniworld.autotune] no tuned autotune cache entry for this shape for op 'trimul_input_dual_bwd_triton' on 'NVIDIA H100 80GB HBM3 (sm90)' (bfloat16|M=147456,fs0=1,fs1=147456,gs0=64,gs1=1,shape_key=108090797693599897,vs0=64,vs1=1,ws0=1,ws1=64). Falling back to a heuristic 24 of 360 configs (run `miniworld-engine build all` to tune this GPU properly) — this run may be slower and the chosen config may be suboptimal. Build a tuned cache for this GPU with the autotune cache-builder (see docs/operations/dispatch-cache.md).
  hit = _cached_subset(self, cfgs, nargs, meta)
/home/psk6950/MiniWorld/runs/phase1_compile_graph_fix/package/miniworld_engine/autotune/cache.py:1405: UserWarning: [miniworld.autotune] no tuned autotune cache entry for this shape for op 'trimul_input_ln_residual_bwd_triton' on 'NVIDIA H100 80GB HBM3 (sm90)' (bfloat16+float32|HAS_ROWSCALE=0,shape_key=2473901425434). Falling back to a heuristic 24 of 38 configs (run `miniworld-engine build all` to tune this GPU properly) — this run may be slower and the chosen config may be suboptimal. Build a tuned cache for this GPU with the autotune cache-builder (see docs/operations/dispatch-cache.md).
  hit = _cached_subset(self, cfgs, nargs, meta)
/home/psk6950/MiniWorld/runs/phase1_compile_graph_fix/package/miniworld_engine/autotune/cache.py:1405: UserWarning: [miniworld.autotune] no tuned autotune cache entry for this shape for op 'rmsnorm_bwd_triton' on 'NVIDIA H100 80GB HBM3 (sm90)' (bfloat16+float32|HAS_WEIGHT=0,shape_key=68720001818). Falling back to a heuristic 24 of 600 configs (run `miniworld-engine build all` to tune this GPU properly) — this run may be slower and the chosen config may be suboptimal. Build a tuned cache for this GPU with the autotune cache-builder (see docs/operations/dispatch-cache.md).
  hit = _cached_subset(self, cfgs, nargs, meta)
/home/psk6950/MiniWorld/runs/phase1_compile_graph_fix/package/miniworld_engine/autotune/cache.py:1405: UserWarning: [miniworld.autotune] no tuned autotune cache entry for this shape for op 'transition_bwd_swiglu_recompute_triton' on 'NVIDIA H100 80GB HBM3 (sm90)' (bfloat16|NORMALIZE=0,STORE_H=1,shape_key=281477125245094). Falling back to a heuristic 24 of 1080 configs (run `miniworld-engine build all` to tune this GPU properly) — this run may be slower and the chosen config may be suboptimal. Build a tuned cache for this GPU with the autotune cache-builder (see docs/operations/dispatch-cache.md).
  hit = _cached_subset(self, cfgs, nargs, meta)
/home/psk6950/MiniWorld/runs/phase1_compile_graph_fix/package/miniworld_engine/autotune/cache.py:1405: UserWarning: [miniworld.autotune] no tuned autotune cache entry for this shape for op 'qk_norm_rope_bwd_triton' on 'NVIDIA H100 80GB HBM3 (sm90)' (bfloat16|shape_key=1125900443781205). Falling back to the full grid (15 configs) — this run may be slower and the chosen config may be suboptimal. Build a tuned cache for this GPU with the autotune cache-builder (see docs/operations/dispatch-cache.md).
  hit = _cached_subset(self, cfgs, nargs, meta)
[22:53:14] warmup 1/3 loss=4.562500 peak=52.57 GiB
[22:53:14] warmup 2/3 loss=4.562500 peak=52.61 GiB
[22:53:14] warmup 3/3 loss=4.562500 peak=52.61 GiB
[22:53:14] Full optimizer-step warmup
[22:53:21] Step warmup loss=4.562500 grad_norm=209.661636
[22:53:28] {"round": 0, "wall_seconds": 6.821912636980414, "cuda_seconds": 6.821810546875, "loss": 4.5625, "grad_norm": 209.66163635253906}
[22:53:34] {"round": 1, "wall_seconds": 6.82067249994725, "cuda_seconds": 6.82057177734375, "loss": 4.5625, "grad_norm": 209.66165161132812}
[22:53:41] {"round": 2, "wall_seconds": 6.836829856969416, "cuda_seconds": 6.83671728515625, "loss": 4.5625, "grad_norm": 210.2250213623047}
[22:53:42] Saved runs/phase1_compile_graph_fix/r1-off-compile.json
[22:53:50] Loaded 2 cached real batches
[22:53:53] Model params=21781312 backends={'triton': 296}; recycle=1; graph=manual
/home/psk6950/MiniWorld/runs/phase1_compile_graph_fix/package/miniworld_engine/autotune/cache.py:1405: UserWarning: [miniworld.autotune] no tuned autotune cache entry for this shape for op 'qk_norm_rope_fwd_triton' on 'NVIDIA H100 80GB HBM3 (sm90)' (bfloat16|shape_key=1125900443781205). Falling back to the full grid (15 configs) — this run may be slower and the chosen config may be suboptimal. Build a tuned cache for this GPU with the autotune cache-builder (see docs/operations/dispatch-cache.md).
  hit = _cached_subset(self, cfgs, nargs, meta)
/home/psk6950/MiniWorld/runs/phase1_compile_graph_fix/package/miniworld_engine/autotune/cache.py:1405: UserWarning: [miniworld.autotune] no tuned autotune cache entry for this shape for op 'transition_expand_swiglu_triton' on 'NVIDIA H100 80GB HBM3 (sm90)' (bfloat16|shape_key=281477125245094). Falling back to a heuristic 24 of 1296 configs (run `miniworld-engine build all` to tune this GPU properly) — this run may be slower and the chosen config may be suboptimal. Build a tuned cache for this GPU with the autotune cache-builder (see docs/operations/dispatch-cache.md).
  hit = _cached_subset(self, cfgs, nargs, meta)
/home/psk6950/MiniWorld/runs/phase1_compile_graph_fix/package/miniworld_engine/autotune/cache.py:1405: UserWarning: [miniworld.autotune] no tuned autotune cache entry for this shape for op 'rmsnorm_fwd_triton' on 'NVIDIA H100 80GB HBM3 (sm90)' (bfloat16+float32|HAS_WEIGHT=0,shape_key=68720001818). Falling back to a heuristic 24 of 1200 configs (run `miniworld-engine build all` to tune this GPU properly) — this run may be slower and the chosen config may be suboptimal. Build a tuned cache for this GPU with the autotune cache-builder (see docs/operations/dispatch-cache.md).
  hit = _cached_subset(self, cfgs, nargs, meta)
/home/psk6950/MiniWorld/runs/phase1_compile_graph_fix/package/miniworld_engine/autotune/cache.py:1405: UserWarning: [miniworld.autotune] no tuned autotune cache entry for this shape for op 'layernorm_fwd_saveact_triton' on 'NVIDIA H100 80GB HBM3 (sm90)' (bfloat16+float32|HAS_ROWSCALE=0,shape_key=2473901425434). Falling back to a heuristic 24 of 800 configs (run `miniworld-engine build all` to tune this GPU properly) — this run may be slower and the chosen config may be suboptimal. Build a tuned cache for this GPU with the autotune cache-builder (see docs/operations/dispatch-cache.md).
  hit = _cached_subset(self, cfgs, nargs, meta)
/home/psk6950/MiniWorld/runs/phase1_compile_graph_fix/package/miniworld_engine/autotune/cache.py:1405: UserWarning: [miniworld.autotune] no tuned autotune cache entry for this shape for op 'trimul_gemm_gate_mmajor_triton' on 'NVIDIA H100 80GB HBM3 (sm90)' (bfloat16|SAVE_PREACT=1,shape_key=26390426815878). Falling back to a heuristic 24 of 864 configs (run `miniworld-engine build all` to tune this GPU properly) — this run may be slower and the chosen config may be suboptimal. Build a tuned cache for this GPU with the autotune cache-builder (see docs/operations/dispatch-cache.md).
  hit = _cached_subset(self, cfgs, nargs, meta)
/home/psk6950/MiniWorld/runs/phase1_compile_graph_fix/package/miniworld_engine/autotune/cache.py:1405: UserWarning: [miniworld.autotune] no tuned autotune cache entry for this shape for op 'trimul_output_f567_train_triton' on 'NVIDIA H100 80GB HBM3 (sm90)' (bfloat16|L=384,M=147456,shape_key=108090791251148953,wg0=64,wg1=1,wp0=128,wp1=1). Falling back to a heuristic 24 of 960 configs (run `miniworld-engine build all` to tune this GPU properly) — this run may be slower and the chosen config may be suboptimal. Build a tuned cache for this GPU with the autotune cache-builder (see docs/operations/dispatch-cache.md).
  hit = _cached_subset(self, cfgs, nargs, meta)
/home/psk6950/MiniWorld/runs/phase1_compile_graph_fix/package/miniworld_engine/autotune/cache.py:1405: UserWarning: [miniworld.autotune] no tuned autotune cache entry for this shape for op 'transition_expand_swiglu_triton' on 'NVIDIA H100 80GB HBM3 (sm90)' (bfloat16|shape_key=10133100236376230). Falling back to a heuristic 24 of 1296 configs (run `miniworld-engine build all` to tune this GPU properly) — this run may be slower and the chosen config may be suboptimal. Build a tuned cache for this GPU with the autotune cache-builder (see docs/operations/dispatch-cache.md).
  hit = _cached_subset(self, cfgs, nargs, meta)
/home/psk6950/MiniWorld/runs/phase1_compile_graph_fix/package/miniworld_engine/autotune/cache.py:1405: UserWarning: [miniworld.autotune] no tuned autotune cache entry for this shape for op 'layernorm_fwd_saveact_triton' on 'NVIDIA H100 80GB HBM3 (sm90)' (bfloat16+float32|HAS_ROWSCALE=0,shape_key=9895604912922). Falling back to a heuristic 24 of 800 configs (run `miniworld-engine build all` to tune this GPU properly) — this run may be slower and the chosen config may be suboptimal. Build a tuned cache for this GPU with the autotune cache-builder (see docs/operations/dispatch-cache.md).
  hit = _cached_subset(self, cfgs, nargs, meta)
/home/psk6950/MiniWorld/runs/phase1_compile_graph_fix/package/miniworld_engine/autotune/cache.py:1405: UserWarning: [miniworld.autotune] no tuned autotune cache entry for this shape for op 'transition_expand_swiglu_triton' on 'NVIDIA H100 80GB HBM3 (sm90)' (bfloat16|shape_key=40532397721127078). Falling back to a heuristic 24 of 1296 configs (run `miniworld-engine build all` to tune this GPU properly) — this run may be slower and the chosen config may be suboptimal. Build a tuned cache for this GPU with the autotune cache-builder (see docs/operations/dispatch-cache.md).
  hit = _cached_subset(self, cfgs, nargs, meta)
/home/psk6950/MiniWorld/runs/phase1_compile_graph_fix/package/miniworld_engine/autotune/cache.py:1405: UserWarning: [miniworld.autotune] no tuned autotune cache entry for this shape for op 'layernorm_bwd_atomic_triton' on 'NVIDIA H100 80GB HBM3 (sm90)' (bfloat16+float32|HAS_ROWSCALE=0,shape_key=9895604912922). Falling back to a heuristic 24 of 1440 configs (run `miniworld-engine build all` to tune this GPU properly) — this run may be slower and the chosen config may be suboptimal. Build a tuned cache for this GPU with the autotune cache-builder (see docs/operations/dispatch-cache.md).
  hit = _cached_subset(self, cfgs, nargs, meta)
/home/psk6950/MiniWorld/runs/phase1_compile_graph_fix/package/miniworld_engine/autotune/cache.py:1405: UserWarning: [miniworld.autotune] no tuned autotune cache entry for this shape for op 'transition_bwd_swiglu_recompute_triton' on 'NVIDIA H100 80GB HBM3 (sm90)' (bfloat16|NORMALIZE=0,STORE_H=1,shape_key=40532397721127078). Falling back to a heuristic 24 of 1080 configs (run `miniworld-engine build all` to tune this GPU properly) — this run may be slower and the chosen config may be suboptimal. Build a tuned cache for this GPU with the autotune cache-builder (see docs/operations/dispatch-cache.md).
  hit = _cached_subset(self, cfgs, nargs, meta)
/home/psk6950/MiniWorld/runs/phase1_compile_graph_fix/package/miniworld_engine/autotune/cache.py:1405: UserWarning: [miniworld.autotune] no tuned autotune cache entry for this shape for op 'layernorm_bwd_atomic_triton' on 'NVIDIA H100 80GB HBM3 (sm90)' (bfloat16+float32|HAS_ROWSCALE=0,shape_key=2473901425434). Falling back to a heuristic 24 of 1440 configs (run `miniworld-engine build all` to tune this GPU properly) — this run may be slower and the chosen config may be suboptimal. Build a tuned cache for this GPU with the autotune cache-builder (see docs/operations/dispatch-cache.md).
  hit = _cached_subset(self, cfgs, nargs, meta)
/home/psk6950/MiniWorld/runs/phase1_compile_graph_fix/package/miniworld_engine/autotune/cache.py:1405: UserWarning: [miniworld.autotune] no tuned autotune cache entry for this shape for op 'transition_bwd_swiglu_recompute_triton' on 'NVIDIA H100 80GB HBM3 (sm90)' (bfloat16|NORMALIZE=0,STORE_H=1,shape_key=10133100236376230). Falling back to a heuristic 24 of 1080 configs (run `miniworld-engine build all` to tune this GPU properly) — this run may be slower and the chosen config may be suboptimal. Build a tuned cache for this GPU with the autotune cache-builder (see docs/operations/dispatch-cache.md).
  hit = _cached_subset(self, cfgs, nargs, meta)
/home/psk6950/MiniWorld/runs/phase1_compile_graph_fix/package/miniworld_engine/autotune/cache.py:1405: UserWarning: [miniworld.autotune] no tuned autotune cache entry for this shape for op 'gated_projection_bwd_gate_dropres_triton' on 'NVIDIA H100 80GB HBM3 (sm90)' (bfloat16|FROM_PREACT=0,shape_key=6442713882). Falling back to a heuristic 24 of 480 configs (run `miniworld-engine build all` to tune this GPU properly) — this run may be slower and the chosen config may be suboptimal. Build a tuned cache for this GPU with the autotune cache-builder (see docs/operations/dispatch-cache.md).
  hit = _cached_subset(self, cfgs, nargs, meta)
/home/psk6950/MiniWorld/runs/phase1_compile_graph_fix/package/miniworld_engine/autotune/cache.py:1405: UserWarning: [miniworld.autotune] no tuned autotune cache entry for this shape for op 'layernorm_bwd_atomic_strided_triton' on 'NVIDIA H100 80GB HBM3 (sm90)' (bfloat16+float32|shape_key=2473901687578). Falling back to a heuristic 24 of 288 configs (run `miniworld-engine build all` to tune this GPU properly) — this run may be slower and the chosen config may be suboptimal. Build a tuned cache for this GPU with the autotune cache-builder (see docs/operations/dispatch-cache.md).
  hit = _cached_subset(self, cfgs, nargs, meta)
/home/psk6950/MiniWorld/runs/phase1_compile_graph_fix/package/miniworld_engine/autotune/cache.py:1405: UserWarning: [miniworld.autotune] no tuned autotune cache entry for this shape for op 'trimul_input_dual_bwd_triton' on 'NVIDIA H100 80GB HBM3 (sm90)' (bfloat16|M=147456,fs0=1,fs1=147456,gs0=64,gs1=1,shape_key=108090797693599897,vs0=64,vs1=1,ws0=1,ws1=64). Falling back to a heuristic 24 of 360 configs (run `miniworld-engine build all` to tune this GPU properly) — this run may be slower and the chosen config may be suboptimal. Build a tuned cache for this GPU with the autotune cache-builder (see docs/operations/dispatch-cache.md).
  hit = _cached_subset(self, cfgs, nargs, meta)
/home/psk6950/MiniWorld/runs/phase1_compile_graph_fix/package/miniworld_engine/autotune/cache.py:1405: UserWarning: [miniworld.autotune] no tuned autotune cache entry for this shape for op 'trimul_input_ln_residual_bwd_triton' on 'NVIDIA H100 80GB HBM3 (sm90)' (bfloat16+float32|HAS_ROWSCALE=0,shape_key=2473901425434). Falling back to a heuristic 24 of 38 configs (run `miniworld-engine build all` to tune this GPU properly) — this run may be slower and the chosen config may be suboptimal. Build a tuned cache for this GPU with the autotune cache-builder (see docs/operations/dispatch-cache.md).
  hit = _cached_subset(self, cfgs, nargs, meta)
/home/psk6950/MiniWorld/runs/phase1_compile_graph_fix/package/miniworld_engine/autotune/cache.py:1405: UserWarning: [miniworld.autotune] no tuned autotune cache entry for this shape for op 'rmsnorm_bwd_triton' on 'NVIDIA H100 80GB HBM3 (sm90)' (bfloat16+float32|HAS_WEIGHT=0,shape_key=68720001818). Falling back to a heuristic 24 of 600 configs (run `miniworld-engine build all` to tune this GPU properly) — this run may be slower and the chosen config may be suboptimal. Build a tuned cache for this GPU with the autotune cache-builder (see docs/operations/dispatch-cache.md).
  hit = _cached_subset(self, cfgs, nargs, meta)
/home/psk6950/MiniWorld/runs/phase1_compile_graph_fix/package/miniworld_engine/autotune/cache.py:1405: UserWarning: [miniworld.autotune] no tuned autotune cache entry for this shape for op 'transition_bwd_swiglu_recompute_triton' on 'NVIDIA H100 80GB HBM3 (sm90)' (bfloat16|NORMALIZE=0,STORE_H=1,shape_key=281477125245094). Falling back to a heuristic 24 of 1080 configs (run `miniworld-engine build all` to tune this GPU properly) — this run may be slower and the chosen config may be suboptimal. Build a tuned cache for this GPU with the autotune cache-builder (see docs/operations/dispatch-cache.md).
  hit = _cached_subset(self, cfgs, nargs, meta)
/home/psk6950/MiniWorld/runs/phase1_compile_graph_fix/package/miniworld_engine/autotune/cache.py:1405: UserWarning: [miniworld.autotune] no tuned autotune cache entry for this shape for op 'qk_norm_rope_bwd_triton' on 'NVIDIA H100 80GB HBM3 (sm90)' (bfloat16|shape_key=1125900443781205). Falling back to the full grid (15 configs) — this run may be slower and the chosen config may be suboptimal. Build a tuned cache for this GPU with the autotune cache-builder (see docs/operations/dispatch-cache.md).
  hit = _cached_subset(self, cfgs, nargs, meta)
[22:54:44] warmup 1/3 loss=4.562500 peak=52.57 GiB
[22:54:44] warmup 2/3 loss=4.562500 peak=52.61 GiB
[22:54:44] warmup 3/3 loss=4.562500 peak=52.61 GiB
[22:54:45] Capture complete in 0.372s
[22:54:45] Full optimizer-step warmup
[22:54:51] Step warmup loss=4.562500 grad_norm=209.661636
[22:54:58] {"round": 0, "wall_seconds": 6.444263933226466, "cuda_seconds": 6.44406396484375, "loss": 4.5625, "grad_norm": 209.66163635253906}
[22:55:04] {"round": 1, "wall_seconds": 6.440515813417733, "cuda_seconds": 6.44041259765625, "loss": 4.5625, "grad_norm": 209.66165161132812}
[22:55:10] {"round": 2, "wall_seconds": 6.446806138381362, "cuda_seconds": 6.44669677734375, "loss": 4.5625, "grad_norm": 210.2250213623047}
[22:55:11] Saved runs/phase1_compile_graph_fix/r1-manual-compile.json
[22:55:18] Loaded 2 cached real batches
[22:55:21] Model params=21781312 backends={'triton': 296}; recycle=4; graph=off
/home/psk6950/MiniWorld/runs/phase1_compile_graph_fix/package/miniworld_engine/autotune/cache.py:1405: UserWarning: [miniworld.autotune] no tuned autotune cache entry for this shape for op 'qk_norm_rope_fwd_triton' on 'NVIDIA H100 80GB HBM3 (sm90)' (bfloat16|shape_key=1125900443781205). Falling back to the full grid (15 configs) — this run may be slower and the chosen config may be suboptimal. Build a tuned cache for this GPU with the autotune cache-builder (see docs/operations/dispatch-cache.md).
  hit = _cached_subset(self, cfgs, nargs, meta)
/home/psk6950/MiniWorld/runs/phase1_compile_graph_fix/package/miniworld_engine/autotune/cache.py:1405: UserWarning: [miniworld.autotune] no tuned autotune cache entry for this shape for op 'transition_expand_swiglu_triton' on 'NVIDIA H100 80GB HBM3 (sm90)' (bfloat16|shape_key=281477125245094). Falling back to a heuristic 24 of 1296 configs (run `miniworld-engine build all` to tune this GPU properly) — this run may be slower and the chosen config may be suboptimal. Build a tuned cache for this GPU with the autotune cache-builder (see docs/operations/dispatch-cache.md).
  hit = _cached_subset(self, cfgs, nargs, meta)
/home/psk6950/MiniWorld/runs/phase1_compile_graph_fix/package/miniworld_engine/autotune/cache.py:1405: UserWarning: [miniworld.autotune] no tuned autotune cache entry for this shape for op 'rmsnorm_fwd_triton' on 'NVIDIA H100 80GB HBM3 (sm90)' (bfloat16+float32|HAS_WEIGHT=0,shape_key=68720001818). Falling back to a heuristic 24 of 1200 configs (run `miniworld-engine build all` to tune this GPU properly) — this run may be slower and the chosen config may be suboptimal. Build a tuned cache for this GPU with the autotune cache-builder (see docs/operations/dispatch-cache.md).
  hit = _cached_subset(self, cfgs, nargs, meta)
/home/psk6950/MiniWorld/.pixi/envs/cu128/lib/python3.10/site-packages/torch/_inductor/lowering.py:7627: UserWarning: 
Online softmax is disabled on the fly since Inductor decides to
split the reduction. Cut an issue to PyTorch if this is an
important use case and you want to speed it up with online
softmax.

  warnings.warn(
/home/psk6950/MiniWorld/runs/phase1_compile_graph_fix/package/miniworld_engine/autotune/cache.py:1405: UserWarning: [miniworld.autotune] no tuned autotune cache entry for this shape for op 'layernorm_fwd_saveact_triton' on 'NVIDIA H100 80GB HBM3 (sm90)' (bfloat16+float32|HAS_ROWSCALE=0,shape_key=2473901425434). Falling back to a heuristic 24 of 800 configs (run `miniworld-engine build all` to tune this GPU properly) — this run may be slower and the chosen config may be suboptimal. Build a tuned cache for this GPU with the autotune cache-builder (see docs/operations/dispatch-cache.md).
  hit = _cached_subset(self, cfgs, nargs, meta)
/home/psk6950/MiniWorld/runs/phase1_compile_graph_fix/package/miniworld_engine/autotune/cache.py:1405: UserWarning: [miniworld.autotune] no tuned autotune cache entry for this shape for op 'trimul_gemm_gate_mmajor_triton' on 'NVIDIA H100 80GB HBM3 (sm90)' (bfloat16|SAVE_PREACT=1,shape_key=26390426815878). Falling back to a heuristic 24 of 864 configs (run `miniworld-engine build all` to tune this GPU properly) — this run may be slower and the chosen config may be suboptimal. Build a tuned cache for this GPU with the autotune cache-builder (see docs/operations/dispatch-cache.md).
  hit = _cached_subset(self, cfgs, nargs, meta)
/home/psk6950/MiniWorld/runs/phase1_compile_graph_fix/package/miniworld_engine/autotune/cache.py:1405: UserWarning: [miniworld.autotune] no tuned autotune cache entry for this shape for op 'trimul_output_f567_train_triton' on 'NVIDIA H100 80GB HBM3 (sm90)' (bfloat16|L=384,M=147456,shape_key=108090791251148953,wg0=64,wg1=1,wp0=128,wp1=1). Falling back to a heuristic 24 of 960 configs (run `miniworld-engine build all` to tune this GPU properly) — this run may be slower and the chosen config may be suboptimal. Build a tuned cache for this GPU with the autotune cache-builder (see docs/operations/dispatch-cache.md).
  hit = _cached_subset(self, cfgs, nargs, meta)
/home/psk6950/MiniWorld/runs/phase1_compile_graph_fix/package/miniworld_engine/autotune/cache.py:1405: UserWarning: [miniworld.autotune] no tuned autotune cache entry for this shape for op 'transition_expand_swiglu_triton' on 'NVIDIA H100 80GB HBM3 (sm90)' (bfloat16|shape_key=10133100236376230). Falling back to a heuristic 24 of 1296 configs (run `miniworld-engine build all` to tune this GPU properly) — this run may be slower and the chosen config may be suboptimal. Build a tuned cache for this GPU with the autotune cache-builder (see docs/operations/dispatch-cache.md).
  hit = _cached_subset(self, cfgs, nargs, meta)
/home/psk6950/MiniWorld/runs/phase1_compile_graph_fix/package/miniworld_engine/autotune/cache.py:1405: UserWarning: [miniworld.autotune] no tuned autotune cache entry for this shape for op 'layernorm_fwd_saveact_triton' on 'NVIDIA H100 80GB HBM3 (sm90)' (bfloat16+float32|HAS_ROWSCALE=0,shape_key=9895604912922). Falling back to a heuristic 24 of 800 configs (run `miniworld-engine build all` to tune this GPU properly) — this run may be slower and the chosen config may be suboptimal. Build a tuned cache for this GPU with the autotune cache-builder (see docs/operations/dispatch-cache.md).
  hit = _cached_subset(self, cfgs, nargs, meta)
/home/psk6950/MiniWorld/runs/phase1_compile_graph_fix/package/miniworld_engine/autotune/cache.py:1405: UserWarning: [miniworld.autotune] no tuned autotune cache entry for this shape for op 'transition_expand_swiglu_triton' on 'NVIDIA H100 80GB HBM3 (sm90)' (bfloat16|shape_key=40532397721127078). Falling back to a heuristic 24 of 1296 configs (run `miniworld-engine build all` to tune this GPU properly) — this run may be slower and the chosen config may be suboptimal. Build a tuned cache for this GPU with the autotune cache-builder (see docs/operations/dispatch-cache.md).
  hit = _cached_subset(self, cfgs, nargs, meta)
/home/psk6950/MiniWorld/runs/phase1_compile_graph_fix/package/miniworld_engine/autotune/cache.py:1405: UserWarning: [miniworld.autotune] no tuned autotune cache entry for this shape for op 'layernorm_bwd_atomic_triton' on 'NVIDIA H100 80GB HBM3 (sm90)' (bfloat16+float32|HAS_ROWSCALE=0,shape_key=9895604912922). Falling back to a heuristic 24 of 1440 configs (run `miniworld-engine build all` to tune this GPU properly) — this run may be slower and the chosen config may be suboptimal. Build a tuned cache for this GPU with the autotune cache-builder (see docs/operations/dispatch-cache.md).
  hit = _cached_subset(self, cfgs, nargs, meta)
/home/psk6950/MiniWorld/runs/phase1_compile_graph_fix/package/miniworld_engine/autotune/cache.py:1405: UserWarning: [miniworld.autotune] no tuned autotune cache entry for this shape for op 'transition_bwd_swiglu_recompute_triton' on 'NVIDIA H100 80GB HBM3 (sm90)' (bfloat16|NORMALIZE=0,STORE_H=1,shape_key=40532397721127078). Falling back to a heuristic 24 of 1080 configs (run `miniworld-engine build all` to tune this GPU properly) — this run may be slower and the chosen config may be suboptimal. Build a tuned cache for this GPU with the autotune cache-builder (see docs/operations/dispatch-cache.md).
  hit = _cached_subset(self, cfgs, nargs, meta)
/home/psk6950/MiniWorld/runs/phase1_compile_graph_fix/package/miniworld_engine/autotune/cache.py:1405: UserWarning: [miniworld.autotune] no tuned autotune cache entry for this shape for op 'layernorm_bwd_atomic_triton' on 'NVIDIA H100 80GB HBM3 (sm90)' (bfloat16+float32|HAS_ROWSCALE=0,shape_key=2473901425434). Falling back to a heuristic 24 of 1440 configs (run `miniworld-engine build all` to tune this GPU properly) — this run may be slower and the chosen config may be suboptimal. Build a tuned cache for this GPU with the autotune cache-builder (see docs/operations/dispatch-cache.md).
  hit = _cached_subset(self, cfgs, nargs, meta)
/home/psk6950/MiniWorld/runs/phase1_compile_graph_fix/package/miniworld_engine/autotune/cache.py:1405: UserWarning: [miniworld.autotune] no tuned autotune cache entry for this shape for op 'transition_bwd_swiglu_recompute_triton' on 'NVIDIA H100 80GB HBM3 (sm90)' (bfloat16|NORMALIZE=0,STORE_H=1,shape_key=10133100236376230). Falling back to a heuristic 24 of 1080 configs (run `miniworld-engine build all` to tune this GPU properly) — this run may be slower and the chosen config may be suboptimal. Build a tuned cache for this GPU with the autotune cache-builder (see docs/operations/dispatch-cache.md).
  hit = _cached_subset(self, cfgs, nargs, meta)
/home/psk6950/MiniWorld/runs/phase1_compile_graph_fix/package/miniworld_engine/autotune/cache.py:1405: UserWarning: [miniworld.autotune] no tuned autotune cache entry for this shape for op 'gated_projection_bwd_gate_dropres_triton' on 'NVIDIA H100 80GB HBM3 (sm90)' (bfloat16|FROM_PREACT=0,shape_key=6442713882). Falling back to a heuristic 24 of 480 configs (run `miniworld-engine build all` to tune this GPU properly) — this run may be slower and the chosen config may be suboptimal. Build a tuned cache for this GPU with the autotune cache-builder (see docs/operations/dispatch-cache.md).
  hit = _cached_subset(self, cfgs, nargs, meta)
/home/psk6950/MiniWorld/runs/phase1_compile_graph_fix/package/miniworld_engine/autotune/cache.py:1405: UserWarning: [miniworld.autotune] no tuned autotune cache entry for this shape for op 'layernorm_bwd_atomic_strided_triton' on 'NVIDIA H100 80GB HBM3 (sm90)' (bfloat16+float32|shape_key=2473901687578). Falling back to a heuristic 24 of 288 configs (run `miniworld-engine build all` to tune this GPU properly) — this run may be slower and the chosen config may be suboptimal. Build a tuned cache for this GPU with the autotune cache-builder (see docs/operations/dispatch-cache.md).
  hit = _cached_subset(self, cfgs, nargs, meta)
/home/psk6950/MiniWorld/runs/phase1_compile_graph_fix/package/miniworld_engine/autotune/cache.py:1405: UserWarning: [miniworld.autotune] no tuned autotune cache entry for this shape for op 'trimul_input_dual_bwd_triton' on 'NVIDIA H100 80GB HBM3 (sm90)' (bfloat16|M=147456,fs0=1,fs1=147456,gs0=64,gs1=1,shape_key=108090797693599897,vs0=64,vs1=1,ws0=1,ws1=64). Falling back to a heuristic 24 of 360 configs (run `miniworld-engine build all` to tune this GPU properly) — this run may be slower and the chosen config may be suboptimal. Build a tuned cache for this GPU with the autotune cache-builder (see docs/operations/dispatch-cache.md).
  hit = _cached_subset(self, cfgs, nargs, meta)
/home/psk6950/MiniWorld/runs/phase1_compile_graph_fix/package/miniworld_engine/autotune/cache.py:1405: UserWarning: [miniworld.autotune] no tuned autotune cache entry for this shape for op 'trimul_input_ln_residual_bwd_triton' on 'NVIDIA H100 80GB HBM3 (sm90)' (bfloat16+float32|HAS_ROWSCALE=0,shape_key=2473901425434). Falling back to a heuristic 24 of 38 configs (run `miniworld-engine build all` to tune this GPU properly) — this run may be slower and the chosen config may be suboptimal. Build a tuned cache for this GPU with the autotune cache-builder (see docs/operations/dispatch-cache.md).
  hit = _cached_subset(self, cfgs, nargs, meta)
/home/psk6950/MiniWorld/runs/phase1_compile_graph_fix/package/miniworld_engine/autotune/cache.py:1405: UserWarning: [miniworld.autotune] no tuned autotune cache entry for this shape for op 'rmsnorm_bwd_triton' on 'NVIDIA H100 80GB HBM3 (sm90)' (bfloat16+float32|HAS_WEIGHT=0,shape_key=68720001818). Falling back to a heuristic 24 of 600 configs (run `miniworld-engine build all` to tune this GPU properly) — this run may be slower and the chosen config may be suboptimal. Build a tuned cache for this GPU with the autotune cache-builder (see docs/operations/dispatch-cache.md).
  hit = _cached_subset(self, cfgs, nargs, meta)
/home/psk6950/MiniWorld/runs/phase1_compile_graph_fix/package/miniworld_engine/autotune/cache.py:1405: UserWarning: [miniworld.autotune] no tuned autotune cache entry for this shape for op 'transition_bwd_swiglu_recompute_triton' on 'NVIDIA H100 80GB HBM3 (sm90)' (bfloat16|NORMALIZE=0,STORE_H=1,shape_key=281477125245094). Falling back to a heuristic 24 of 1080 configs (run `miniworld-engine build all` to tune this GPU properly) — this run may be slower and the chosen config may be suboptimal. Build a tuned cache for this GPU with the autotune cache-builder (see docs/operations/dispatch-cache.md).
  hit = _cached_subset(self, cfgs, nargs, meta)
/home/psk6950/MiniWorld/runs/phase1_compile_graph_fix/package/miniworld_engine/autotune/cache.py:1405: UserWarning: [miniworld.autotune] no tuned autotune cache entry for this shape for op 'qk_norm_rope_bwd_triton' on 'NVIDIA H100 80GB HBM3 (sm90)' (bfloat16|shape_key=1125900443781205). Falling back to the full grid (15 configs) — this run may be slower and the chosen config may be suboptimal. Build a tuned cache for this GPU with the autotune cache-builder (see docs/operations/dispatch-cache.md).
  hit = _cached_subset(self, cfgs, nargs, meta)
[22:56:42] warmup 1/3 loss=4.562500 peak=52.56 GiB
[22:56:43] warmup 2/3 loss=4.562500 peak=52.61 GiB
[22:56:43] warmup 3/3 loss=4.562500 peak=52.61 GiB
[22:56:43] Full optimizer-step warmup
[22:56:56] Step warmup loss=4.562500 grad_norm=209.661636
[22:57:09] {"round": 0, "wall_seconds": 12.680764570832253, "cuda_seconds": 12.680578125, "loss": 4.5625, "grad_norm": 209.66163635253906}
[22:57:21] {"round": 1, "wall_seconds": 12.678868166171014, "cuda_seconds": 12.67867578125, "loss": 4.5625, "grad_norm": 209.66165161132812}
[22:57:34] {"round": 2, "wall_seconds": 12.701960738748312, "cuda_seconds": 12.701697265625, "loss": 4.5625, "grad_norm": 210.2440948486328}
[22:57:34] Saved runs/phase1_compile_graph_fix/r4-off-compile.json
[22:57:43] Loaded 2 cached real batches
[22:57:46] Model params=21781312 backends={'triton': 296}; recycle=4; graph=manual
/home/psk6950/MiniWorld/runs/phase1_compile_graph_fix/package/miniworld_engine/autotune/cache.py:1405: UserWarning: [miniworld.autotune] no tuned autotune cache entry for this shape for op 'qk_norm_rope_fwd_triton' on 'NVIDIA H100 80GB HBM3 (sm90)' (bfloat16|shape_key=1125900443781205). Falling back to the full grid (15 configs) — this run may be slower and the chosen config may be suboptimal. Build a tuned cache for this GPU with the autotune cache-builder (see docs/operations/dispatch-cache.md).
  hit = _cached_subset(self, cfgs, nargs, meta)
/home/psk6950/MiniWorld/runs/phase1_compile_graph_fix/package/miniworld_engine/autotune/cache.py:1405: UserWarning: [miniworld.autotune] no tuned autotune cache entry for this shape for op 'transition_expand_swiglu_triton' on 'NVIDIA H100 80GB HBM3 (sm90)' (bfloat16|shape_key=281477125245094). Falling back to a heuristic 24 of 1296 configs (run `miniworld-engine build all` to tune this GPU properly) — this run may be slower and the chosen config may be suboptimal. Build a tuned cache for this GPU with the autotune cache-builder (see docs/operations/dispatch-cache.md).
  hit = _cached_subset(self, cfgs, nargs, meta)
/home/psk6950/MiniWorld/runs/phase1_compile_graph_fix/package/miniworld_engine/autotune/cache.py:1405: UserWarning: [miniworld.autotune] no tuned autotune cache entry for this shape for op 'rmsnorm_fwd_triton' on 'NVIDIA H100 80GB HBM3 (sm90)' (bfloat16+float32|HAS_WEIGHT=0,shape_key=68720001818). Falling back to a heuristic 24 of 1200 configs (run `miniworld-engine build all` to tune this GPU properly) — this run may be slower and the chosen config may be suboptimal. Build a tuned cache for this GPU with the autotune cache-builder (see docs/operations/dispatch-cache.md).
  hit = _cached_subset(self, cfgs, nargs, meta)
/home/psk6950/MiniWorld/runs/phase1_compile_graph_fix/package/miniworld_engine/autotune/cache.py:1405: UserWarning: [miniworld.autotune] no tuned autotune cache entry for this shape for op 'layernorm_fwd_saveact_triton' on 'NVIDIA H100 80GB HBM3 (sm90)' (bfloat16+float32|HAS_ROWSCALE=0,shape_key=2473901425434). Falling back to a heuristic 24 of 800 configs (run `miniworld-engine build all` to tune this GPU properly) — this run may be slower and the chosen config may be suboptimal. Build a tuned cache for this GPU with the autotune cache-builder (see docs/operations/dispatch-cache.md).
  hit = _cached_subset(self, cfgs, nargs, meta)
/home/psk6950/MiniWorld/runs/phase1_compile_graph_fix/package/miniworld_engine/autotune/cache.py:1405: UserWarning: [miniworld.autotune] no tuned autotune cache entry for this shape for op 'trimul_gemm_gate_mmajor_triton' on 'NVIDIA H100 80GB HBM3 (sm90)' (bfloat16|SAVE_PREACT=1,shape_key=26390426815878). Falling back to a heuristic 24 of 864 configs (run `miniworld-engine build all` to tune this GPU properly) — this run may be slower and the chosen config may be suboptimal. Build a tuned cache for this GPU with the autotune cache-builder (see docs/operations/dispatch-cache.md).
  hit = _cached_subset(self, cfgs, nargs, meta)
/home/psk6950/MiniWorld/runs/phase1_compile_graph_fix/package/miniworld_engine/autotune/cache.py:1405: UserWarning: [miniworld.autotune] no tuned autotune cache entry for this shape for op 'trimul_output_f567_train_triton' on 'NVIDIA H100 80GB HBM3 (sm90)' (bfloat16|L=384,M=147456,shape_key=108090791251148953,wg0=64,wg1=1,wp0=128,wp1=1). Falling back to a heuristic 24 of 960 configs (run `miniworld-engine build all` to tune this GPU properly) — this run may be slower and the chosen config may be suboptimal. Build a tuned cache for this GPU with the autotune cache-builder (see docs/operations/dispatch-cache.md).
  hit = _cached_subset(self, cfgs, nargs, meta)
/home/psk6950/MiniWorld/runs/phase1_compile_graph_fix/package/miniworld_engine/autotune/cache.py:1405: UserWarning: [miniworld.autotune] no tuned autotune cache entry for this shape for op 'transition_expand_swiglu_triton' on 'NVIDIA H100 80GB HBM3 (sm90)' (bfloat16|shape_key=10133100236376230). Falling back to a heuristic 24 of 1296 configs (run `miniworld-engine build all` to tune this GPU properly) — this run may be slower and the chosen config may be suboptimal. Build a tuned cache for this GPU with the autotune cache-builder (see docs/operations/dispatch-cache.md).
  hit = _cached_subset(self, cfgs, nargs, meta)
/home/psk6950/MiniWorld/runs/phase1_compile_graph_fix/package/miniworld_engine/autotune/cache.py:1405: UserWarning: [miniworld.autotune] no tuned autotune cache entry for this shape for op 'layernorm_fwd_saveact_triton' on 'NVIDIA H100 80GB HBM3 (sm90)' (bfloat16+float32|HAS_ROWSCALE=0,shape_key=9895604912922). Falling back to a heuristic 24 of 800 configs (run `miniworld-engine build all` to tune this GPU properly) — this run may be slower and the chosen config may be suboptimal. Build a tuned cache for this GPU with the autotune cache-builder (see docs/operations/dispatch-cache.md).
  hit = _cached_subset(self, cfgs, nargs, meta)
/home/psk6950/MiniWorld/runs/phase1_compile_graph_fix/package/miniworld_engine/autotune/cache.py:1405: UserWarning: [miniworld.autotune] no tuned autotune cache entry for this shape for op 'transition_expand_swiglu_triton' on 'NVIDIA H100 80GB HBM3 (sm90)' (bfloat16|shape_key=40532397721127078). Falling back to a heuristic 24 of 1296 configs (run `miniworld-engine build all` to tune this GPU properly) — this run may be slower and the chosen config may be suboptimal. Build a tuned cache for this GPU with the autotune cache-builder (see docs/operations/dispatch-cache.md).
  hit = _cached_subset(self, cfgs, nargs, meta)
/home/psk6950/MiniWorld/runs/phase1_compile_graph_fix/package/miniworld_engine/autotune/cache.py:1405: UserWarning: [miniworld.autotune] no tuned autotune cache entry for this shape for op 'layernorm_bwd_atomic_triton' on 'NVIDIA H100 80GB HBM3 (sm90)' (bfloat16+float32|HAS_ROWSCALE=0,shape_key=9895604912922). Falling back to a heuristic 24 of 1440 configs (run `miniworld-engine build all` to tune this GPU properly) — this run may be slower and the chosen config may be suboptimal. Build a tuned cache for this GPU with the autotune cache-builder (see docs/operations/dispatch-cache.md).
  hit = _cached_subset(self, cfgs, nargs, meta)
/home/psk6950/MiniWorld/runs/phase1_compile_graph_fix/package/miniworld_engine/autotune/cache.py:1405: UserWarning: [miniworld.autotune] no tuned autotune cache entry for this shape for op 'transition_bwd_swiglu_recompute_triton' on 'NVIDIA H100 80GB HBM3 (sm90)' (bfloat16|NORMALIZE=0,STORE_H=1,shape_key=40532397721127078). Falling back to a heuristic 24 of 1080 configs (run `miniworld-engine build all` to tune this GPU properly) — this run may be slower and the chosen config may be suboptimal. Build a tuned cache for this GPU with the autotune cache-builder (see docs/operations/dispatch-cache.md).
  hit = _cached_subset(self, cfgs, nargs, meta)
/home/psk6950/MiniWorld/runs/phase1_compile_graph_fix/package/miniworld_engine/autotune/cache.py:1405: UserWarning: [miniworld.autotune] no tuned autotune cache entry for this shape for op 'layernorm_bwd_atomic_triton' on 'NVIDIA H100 80GB HBM3 (sm90)' (bfloat16+float32|HAS_ROWSCALE=0,shape_key=2473901425434). Falling back to a heuristic 24 of 1440 configs (run `miniworld-engine build all` to tune this GPU properly) — this run may be slower and the chosen config may be suboptimal. Build a tuned cache for this GPU with the autotune cache-builder (see docs/operations/dispatch-cache.md).
  hit = _cached_subset(self, cfgs, nargs, meta)
/home/psk6950/MiniWorld/runs/phase1_compile_graph_fix/package/miniworld_engine/autotune/cache.py:1405: UserWarning: [miniworld.autotune] no tuned autotune cache entry for this shape for op 'transition_bwd_swiglu_recompute_triton' on 'NVIDIA H100 80GB HBM3 (sm90)' (bfloat16|NORMALIZE=0,STORE_H=1,shape_key=10133100236376230). Falling back to a heuristic 24 of 1080 configs (run `miniworld-engine build all` to tune this GPU properly) — this run may be slower and the chosen config may be suboptimal. Build a tuned cache for this GPU with the autotune cache-builder (see docs/operations/dispatch-cache.md).
  hit = _cached_subset(self, cfgs, nargs, meta)
/home/psk6950/MiniWorld/runs/phase1_compile_graph_fix/package/miniworld_engine/autotune/cache.py:1405: UserWarning: [miniworld.autotune] no tuned autotune cache entry for this shape for op 'gated_projection_bwd_gate_dropres_triton' on 'NVIDIA H100 80GB HBM3 (sm90)' (bfloat16|FROM_PREACT=0,shape_key=6442713882). Falling back to a heuristic 24 of 480 configs (run `miniworld-engine build all` to tune this GPU properly) — this run may be slower and the chosen config may be suboptimal. Build a tuned cache for this GPU with the autotune cache-builder (see docs/operations/dispatch-cache.md).
  hit = _cached_subset(self, cfgs, nargs, meta)
/home/psk6950/MiniWorld/runs/phase1_compile_graph_fix/package/miniworld_engine/autotune/cache.py:1405: UserWarning: [miniworld.autotune] no tuned autotune cache entry for this shape for op 'layernorm_bwd_atomic_strided_triton' on 'NVIDIA H100 80GB HBM3 (sm90)' (bfloat16+float32|shape_key=2473901687578). Falling back to a heuristic 24 of 288 configs (run `miniworld-engine build all` to tune this GPU properly) — this run may be slower and the chosen config may be suboptimal. Build a tuned cache for this GPU with the autotune cache-builder (see docs/operations/dispatch-cache.md).
  hit = _cached_subset(self, cfgs, nargs, meta)
/home/psk6950/MiniWorld/runs/phase1_compile_graph_fix/package/miniworld_engine/autotune/cache.py:1405: UserWarning: [miniworld.autotune] no tuned autotune cache entry for this shape for op 'trimul_input_dual_bwd_triton' on 'NVIDIA H100 80GB HBM3 (sm90)' (bfloat16|M=147456,fs0=1,fs1=147456,gs0=64,gs1=1,shape_key=108090797693599897,vs0=64,vs1=1,ws0=1,ws1=64). Falling back to a heuristic 24 of 360 configs (run `miniworld-engine build all` to tune this GPU properly) — this run may be slower and the chosen config may be suboptimal. Build a tuned cache for this GPU with the autotune cache-builder (see docs/operations/dispatch-cache.md).
  hit = _cached_subset(self, cfgs, nargs, meta)
/home/psk6950/MiniWorld/runs/phase1_compile_graph_fix/package/miniworld_engine/autotune/cache.py:1405: UserWarning: [miniworld.autotune] no tuned autotune cache entry for this shape for op 'trimul_input_ln_residual_bwd_triton' on 'NVIDIA H100 80GB HBM3 (sm90)' (bfloat16+float32|HAS_ROWSCALE=0,shape_key=2473901425434). Falling back to a heuristic 24 of 38 configs (run `miniworld-engine build all` to tune this GPU properly) — this run may be slower and the chosen config may be suboptimal. Build a tuned cache for this GPU with the autotune cache-builder (see docs/operations/dispatch-cache.md).
  hit = _cached_subset(self, cfgs, nargs, meta)
/home/psk6950/MiniWorld/runs/phase1_compile_graph_fix/package/miniworld_engine/autotune/cache.py:1405: UserWarning: [miniworld.autotune] no tuned autotune cache entry for this shape for op 'rmsnorm_bwd_triton' on 'NVIDIA H100 80GB HBM3 (sm90)' (bfloat16+float32|HAS_WEIGHT=0,shape_key=68720001818). Falling back to a heuristic 24 of 600 configs (run `miniworld-engine build all` to tune this GPU properly) — this run may be slower and the chosen config may be suboptimal. Build a tuned cache for this GPU with the autotune cache-builder (see docs/operations/dispatch-cache.md).
  hit = _cached_subset(self, cfgs, nargs, meta)
/home/psk6950/MiniWorld/runs/phase1_compile_graph_fix/package/miniworld_engine/autotune/cache.py:1405: UserWarning: [miniworld.autotune] no tuned autotune cache entry for this shape for op 'transition_bwd_swiglu_recompute_triton' on 'NVIDIA H100 80GB HBM3 (sm90)' (bfloat16|NORMALIZE=0,STORE_H=1,shape_key=281477125245094). Falling back to a heuristic 24 of 1080 configs (run `miniworld-engine build all` to tune this GPU properly) — this run may be slower and the chosen config may be suboptimal. Build a tuned cache for this GPU with the autotune cache-builder (see docs/operations/dispatch-cache.md).
  hit = _cached_subset(self, cfgs, nargs, meta)
/home/psk6950/MiniWorld/runs/phase1_compile_graph_fix/package/miniworld_engine/autotune/cache.py:1405: UserWarning: [miniworld.autotune] no tuned autotune cache entry for this shape for op 'qk_norm_rope_bwd_triton' on 'NVIDIA H100 80GB HBM3 (sm90)' (bfloat16|shape_key=1125900443781205). Falling back to the full grid (15 configs) — this run may be slower and the chosen config may be suboptimal. Build a tuned cache for this GPU with the autotune cache-builder (see docs/operations/dispatch-cache.md).
  hit = _cached_subset(self, cfgs, nargs, meta)
[22:58:44] warmup 1/3 loss=4.562500 peak=52.56 GiB
[22:58:44] warmup 2/3 loss=4.562500 peak=52.61 GiB
[22:58:44] warmup 3/3 loss=4.562500 peak=52.61 GiB
[22:58:45] Capture complete in 0.474s
[22:58:45] Full optimizer-step warmup
[22:58:57] Step warmup loss=4.562500 grad_norm=209.661636
[22:59:09] {"round": 0, "wall_seconds": 12.15509666595608, "cuda_seconds": 12.15490234375, "loss": 4.5625, "grad_norm": 209.66163635253906}
[22:59:21] {"round": 1, "wall_seconds": 12.155564188025892, "cuda_seconds": 12.1552626953125, "loss": 4.5625, "grad_norm": 209.66165161132812}
[22:59:34] {"round": 2, "wall_seconds": 12.176613355055451, "cuda_seconds": 12.176419921875, "loss": 4.5625, "grad_norm": 210.2440948486328}
[22:59:34] Saved runs/phase1_compile_graph_fix/r4-manual-compile.json
