========= COMPUTE-SANITIZER
.....                                                                    [100%]
=============================== warnings summary ===============================
tests/test_phase1_flash_backward_compile.py::test_fa4_compiled_backward_and_graph[dtype0--1]
tests/test_phase1_flash_backward_compile.py::test_fa4_compiled_backward_and_graph[dtype0--1]
tests/test_phase1_flash_backward_compile.py::test_fa4_compiled_backward_and_graph[dtype0-8]
tests/test_phase1_flash_backward_compile.py::test_fa4_compiled_backward_and_graph[dtype0-8]
  /home/psk6950/MiniWorld/.pixi/envs/cu128/lib/python3.10/site-packages/flash_attn/cute/flash_fwd_sm90.py:100: DeprecationWarning: warpgroup.OperandMajorMode is deprecated, use cute.nvgpu.OperandMajorMode instead
    warpgroup.OperandMajorMode.K,

tests/test_phase1_flash_backward_compile.py::test_fa4_compiled_backward_and_graph[dtype0--1]
tests/test_phase1_flash_backward_compile.py::test_fa4_compiled_backward_and_graph[dtype0--1]
tests/test_phase1_flash_backward_compile.py::test_fa4_compiled_backward_and_graph[dtype0-8]
tests/test_phase1_flash_backward_compile.py::test_fa4_compiled_backward_and_graph[dtype0-8]
  /home/psk6950/MiniWorld/.pixi/envs/cu128/lib/python3.10/site-packages/flash_attn/cute/flash_fwd_sm90.py:101: DeprecationWarning: warpgroup.OperandMajorMode is deprecated, use cute.nvgpu.OperandMajorMode instead
    warpgroup.OperandMajorMode.K,

tests/test_phase1_flash_backward_compile.py: 21 warnings
  <string>:10: DeprecationWarning: warpgroup.OperandMajorMode is deprecated, use cute.nvgpu.OperandMajorMode instead

tests/test_phase1_flash_backward_compile.py::test_fa4_compiled_backward_and_graph[dtype0--1]
tests/test_phase1_flash_backward_compile.py::test_fa4_compiled_backward_and_graph[dtype0--1]
tests/test_phase1_flash_backward_compile.py::test_fa4_compiled_backward_and_graph[dtype0-8]
tests/test_phase1_flash_backward_compile.py::test_fa4_compiled_backward_and_graph[dtype0-8]
  /home/psk6950/MiniWorld/.pixi/envs/cu128/lib/python3.10/site-packages/flash_attn/cute/flash_fwd_sm90.py:109: DeprecationWarning: warpgroup.OperandMajorMode is deprecated, use cute.nvgpu.OperandMajorMode instead
    warpgroup.OperandMajorMode.K,

tests/test_phase1_flash_backward_compile.py::test_fa4_compiled_backward_and_graph[dtype0--1]
tests/test_phase1_flash_backward_compile.py::test_fa4_compiled_backward_and_graph[dtype0--1]
tests/test_phase1_flash_backward_compile.py::test_fa4_compiled_backward_and_graph[dtype0-8]
tests/test_phase1_flash_backward_compile.py::test_fa4_compiled_backward_and_graph[dtype0-8]
  /home/psk6950/MiniWorld/.pixi/envs/cu128/lib/python3.10/site-packages/flash_attn/cute/flash_fwd_sm90.py:110: DeprecationWarning: warpgroup.OperandMajorMode is deprecated, use cute.nvgpu.OperandMajorMode instead
    warpgroup.OperandMajorMode.MN,

tests/test_phase1_flash_backward_compile.py::test_fa4_compiled_backward_and_graph[dtype0--1]
tests/test_phase1_flash_backward_compile.py::test_fa4_compiled_backward_and_graph[dtype0-8]
tests/test_phase1_flash_backward_compile.py::test_fa4_partial_requires_grad
  /home/psk6950/MiniWorld/.pixi/envs/cu128/lib/python3.10/site-packages/flash_attn/cute/flash_bwd_sm90.py:258: DeprecationWarning: warpgroup.OperandMajorMode is deprecated, use cute.nvgpu.OperandMajorMode instead
    warpgroup.OperandMajorMode.K,

tests/test_phase1_flash_backward_compile.py::test_fa4_compiled_backward_and_graph[dtype0--1]
tests/test_phase1_flash_backward_compile.py::test_fa4_compiled_backward_and_graph[dtype0-8]
tests/test_phase1_flash_backward_compile.py::test_fa4_partial_requires_grad
  /home/psk6950/MiniWorld/.pixi/envs/cu128/lib/python3.10/site-packages/flash_attn/cute/flash_bwd_sm90.py:259: DeprecationWarning: warpgroup.OperandMajorMode is deprecated, use cute.nvgpu.OperandMajorMode instead
    warpgroup.OperandMajorMode.K,

tests/test_phase1_flash_backward_compile.py::test_fa4_compiled_backward_and_graph[dtype0--1]
tests/test_phase1_flash_backward_compile.py::test_fa4_compiled_backward_and_graph[dtype0--1]
tests/test_phase1_flash_backward_compile.py::test_fa4_compiled_backward_and_graph[dtype0-8]
tests/test_phase1_flash_backward_compile.py::test_fa4_compiled_backward_and_graph[dtype0-8]
tests/test_phase1_flash_backward_compile.py::test_fa4_partial_requires_grad
tests/test_phase1_flash_backward_compile.py::test_fa4_partial_requires_grad
  /home/psk6950/MiniWorld/.pixi/envs/cu128/lib/python3.10/site-packages/flash_attn/cute/flash_bwd_sm90.py:274: DeprecationWarning: warpgroup.OperandMajorMode is deprecated, use cute.nvgpu.OperandMajorMode instead
    else warpgroup.OperandMajorMode.K,

tests/test_phase1_flash_backward_compile.py::test_fa4_compiled_backward_and_graph[dtype0--1]
tests/test_phase1_flash_backward_compile.py::test_fa4_compiled_backward_and_graph[dtype0--1]
tests/test_phase1_flash_backward_compile.py::test_fa4_compiled_backward_and_graph[dtype0-8]
tests/test_phase1_flash_backward_compile.py::test_fa4_compiled_backward_and_graph[dtype0-8]
tests/test_phase1_flash_backward_compile.py::test_fa4_partial_requires_grad
tests/test_phase1_flash_backward_compile.py::test_fa4_partial_requires_grad
  /home/psk6950/MiniWorld/.pixi/envs/cu128/lib/python3.10/site-packages/flash_attn/cute/flash_bwd_sm90.py:275: DeprecationWarning: warpgroup.OperandMajorMode is deprecated, use cute.nvgpu.OperandMajorMode instead
    warpgroup.OperandMajorMode.MN,

tests/test_phase1_flash_backward_compile.py::test_fa4_compiled_backward_and_graph[dtype0--1]
tests/test_phase1_flash_backward_compile.py::test_fa4_compiled_backward_and_graph[dtype0-8]
tests/test_phase1_flash_backward_compile.py::test_fa4_partial_requires_grad
  /home/psk6950/MiniWorld/.pixi/envs/cu128/lib/python3.10/site-packages/flash_attn/cute/flash_bwd_sm90.py:292: DeprecationWarning: warpgroup.OperandMajorMode is deprecated, use cute.nvgpu.OperandMajorMode instead
    warpgroup.OperandMajorMode.K if not self.dQ_swapAB else warpgroup.OperandMajorMode.MN,

tests/test_phase1_flash_backward_compile.py::test_fa4_compiled_backward_and_graph[dtype0--1]
tests/test_phase1_flash_backward_compile.py::test_fa4_compiled_backward_and_graph[dtype0-8]
tests/test_phase1_flash_backward_compile.py::test_fa4_partial_requires_grad
  /home/psk6950/MiniWorld/.pixi/envs/cu128/lib/python3.10/site-packages/flash_attn/cute/flash_bwd_sm90.py:293: DeprecationWarning: warpgroup.OperandMajorMode is deprecated, use cute.nvgpu.OperandMajorMode instead
    warpgroup.OperandMajorMode.MN if not self.dQ_swapAB else warpgroup.OperandMajorMode.K,

tests/test_phase1_flash_backward_compile.py::test_fa4_compiled_backward_and_graph[dtype0--1]
  /home/psk6950/MiniWorld/.pixi/envs/cu128/lib/python3.10/site-packages/flash_attn/cute/flash_bwd_postprocess.py:111: DeprecationWarning: warpgroup.OperandMajorMode is deprecated, use cute.nvgpu.OperandMajorMode instead
    warpgroup.OperandMajorMode.K,  # These don't matter, we only care about the accum

tests/test_phase1_flash_backward_compile.py::test_fa4_compiled_backward_and_graph[dtype0--1]
  /home/psk6950/MiniWorld/.pixi/envs/cu128/lib/python3.10/site-packages/flash_attn/cute/flash_bwd_postprocess.py:112: DeprecationWarning: warpgroup.OperandMajorMode is deprecated, use cute.nvgpu.OperandMajorMode instead
    warpgroup.OperandMajorMode.K,

tests/test_phase1_flash_backward_compile.py: 14 warnings
  /home/psk6950/MiniWorld/.pixi/envs/cu128/lib/python3.10/site-packages/torch/jit/_script.py:362: DeprecationWarning: `torch.jit.script_method` is deprecated. Please switch to `torch.compile` or `torch.export`.
    warnings.warn(

-- Docs: https://docs.pytest.org/en/stable/how-to/capture-warnings.html
- generated xml file: /home/psk6950/MiniWorld/runs/phase1_compile_graph_fix/memcheck.xml -
5 passed, 77 warnings in 27.36s
========= ERROR SUMMARY: 0 errors
