[22:20:39] Loading real training batches from the existing catalog (read only)
[22:20:41] Explicit diagnostic catalog snapshot: /home/psk6950/data/BioMolDB_20260224/catalog_trainitem_no_disordered_bioai_unified.arrow; fingerprint=8b317cfe41f41180e6c6450d5ae8c314305722353d908933166e3163c5aa0dab
[22:20:52] Loaded 2 cached real batches
[22:20:54] Model params=21781312 backends={'triton': 296}; recycle=1; graph=off
/home/psk6950/MiniWorld/.pixi/envs/cu128/lib/python3.10/site-packages/miniworld_engine/autotune/cache.py:1405: UserWarning: [miniworld.autotune] no tuned autotune cache entry for this shape for op 'qk_norm_rope_fwd_triton' on 'NVIDIA H100 80GB HBM3 (sm90)' (bfloat16|shape_key=1125900443781205). Falling back to the full grid (15 configs) — this run may be slower and the chosen config may be suboptimal. Build a tuned cache for this GPU with the autotune cache-builder (see docs/operations/dispatch-cache.md).
  hit = _cached_subset(self, cfgs, nargs, meta)
/home/psk6950/MiniWorld/.pixi/envs/cu128/lib/python3.10/site-packages/miniworld_engine/autotune/cache.py:1405: UserWarning: [miniworld.autotune] no tuned autotune cache entry for this shape for op 'transition_expand_swiglu_triton' on 'NVIDIA H100 80GB HBM3 (sm90)' (bfloat16|shape_key=281477125245094). Falling back to a heuristic 24 of 1296 configs (run `miniworld-engine build all` to tune this GPU properly) — this run may be slower and the chosen config may be suboptimal. Build a tuned cache for this GPU with the autotune cache-builder (see docs/operations/dispatch-cache.md).
  hit = _cached_subset(self, cfgs, nargs, meta)
/home/psk6950/MiniWorld/.pixi/envs/cu128/lib/python3.10/site-packages/miniworld_engine/autotune/cache.py:1405: UserWarning: [miniworld.autotune] no tuned autotune cache entry for this shape for op 'rmsnorm_fwd_triton' on 'NVIDIA H100 80GB HBM3 (sm90)' (bfloat16+float32|HAS_WEIGHT=0,shape_key=68720001818). Falling back to a heuristic 24 of 1200 configs (run `miniworld-engine build all` to tune this GPU properly) — this run may be slower and the chosen config may be suboptimal. Build a tuned cache for this GPU with the autotune cache-builder (see docs/operations/dispatch-cache.md).
  hit = _cached_subset(self, cfgs, nargs, meta)
/home/psk6950/MiniWorld/.pixi/envs/cu128/lib/python3.10/site-packages/miniworld_engine/autotune/cache.py:1405: UserWarning: [miniworld.autotune] no tuned autotune cache entry for this shape for op 'layernorm_fwd_saveact_triton' on 'NVIDIA H100 80GB HBM3 (sm90)' (bfloat16+float32|HAS_ROWSCALE=0,shape_key=2473901425434). Falling back to a heuristic 24 of 800 configs (run `miniworld-engine build all` to tune this GPU properly) — this run may be slower and the chosen config may be suboptimal. Build a tuned cache for this GPU with the autotune cache-builder (see docs/operations/dispatch-cache.md).
  hit = _cached_subset(self, cfgs, nargs, meta)
/home/psk6950/MiniWorld/.pixi/envs/cu128/lib/python3.10/site-packages/miniworld_engine/autotune/cache.py:1405: UserWarning: [miniworld.autotune] no tuned autotune cache entry for this shape for op 'trimul_gemm_gate_mmajor_triton' on 'NVIDIA H100 80GB HBM3 (sm90)' (bfloat16|SAVE_PREACT=1,shape_key=26390426815878). Falling back to a heuristic 24 of 864 configs (run `miniworld-engine build all` to tune this GPU properly) — this run may be slower and the chosen config may be suboptimal. Build a tuned cache for this GPU with the autotune cache-builder (see docs/operations/dispatch-cache.md).
  hit = _cached_subset(self, cfgs, nargs, meta)
/home/psk6950/MiniWorld/.pixi/envs/cu128/lib/python3.10/site-packages/miniworld_engine/autotune/cache.py:1405: UserWarning: [miniworld.autotune] no tuned autotune cache entry for this shape for op 'trimul_output_f567_train_triton' on 'NVIDIA H100 80GB HBM3 (sm90)' (bfloat16|L=384,M=147456,shape_key=108090791251148953,wg0=64,wg1=1,wp0=128,wp1=1). Falling back to a heuristic 24 of 960 configs (run `miniworld-engine build all` to tune this GPU properly) — this run may be slower and the chosen config may be suboptimal. Build a tuned cache for this GPU with the autotune cache-builder (see docs/operations/dispatch-cache.md).
  hit = _cached_subset(self, cfgs, nargs, meta)
/home/psk6950/MiniWorld/.pixi/envs/cu128/lib/python3.10/site-packages/miniworld_engine/autotune/cache.py:1405: UserWarning: [miniworld.autotune] no tuned autotune cache entry for this shape for op 'transition_expand_swiglu_triton' on 'NVIDIA H100 80GB HBM3 (sm90)' (bfloat16|shape_key=10133100236376230). Falling back to a heuristic 24 of 1296 configs (run `miniworld-engine build all` to tune this GPU properly) — this run may be slower and the chosen config may be suboptimal. Build a tuned cache for this GPU with the autotune cache-builder (see docs/operations/dispatch-cache.md).
  hit = _cached_subset(self, cfgs, nargs, meta)
/home/psk6950/MiniWorld/.pixi/envs/cu128/lib/python3.10/site-packages/miniworld_engine/autotune/cache.py:1405: UserWarning: [miniworld.autotune] no tuned autotune cache entry for this shape for op 'layernorm_fwd_saveact_triton' on 'NVIDIA H100 80GB HBM3 (sm90)' (bfloat16+float32|HAS_ROWSCALE=0,shape_key=9895604912922). Falling back to a heuristic 24 of 800 configs (run `miniworld-engine build all` to tune this GPU properly) — this run may be slower and the chosen config may be suboptimal. Build a tuned cache for this GPU with the autotune cache-builder (see docs/operations/dispatch-cache.md).
  hit = _cached_subset(self, cfgs, nargs, meta)
/home/psk6950/MiniWorld/.pixi/envs/cu128/lib/python3.10/site-packages/miniworld_engine/autotune/cache.py:1405: UserWarning: [miniworld.autotune] no tuned autotune cache entry for this shape for op 'transition_expand_swiglu_triton' on 'NVIDIA H100 80GB HBM3 (sm90)' (bfloat16|shape_key=40532397721127078). Falling back to a heuristic 24 of 1296 configs (run `miniworld-engine build all` to tune this GPU properly) — this run may be slower and the chosen config may be suboptimal. Build a tuned cache for this GPU with the autotune cache-builder (see docs/operations/dispatch-cache.md).
  hit = _cached_subset(self, cfgs, nargs, meta)
/home/psk6950/MiniWorld/.pixi/envs/cu128/lib/python3.10/site-packages/miniworld_engine/autotune/cache.py:1405: UserWarning: [miniworld.autotune] no tuned autotune cache entry for this shape for op 'layernorm_bwd_atomic_triton' on 'NVIDIA H100 80GB HBM3 (sm90)' (bfloat16+float32|HAS_ROWSCALE=0,shape_key=9895604912922). Falling back to a heuristic 24 of 1440 configs (run `miniworld-engine build all` to tune this GPU properly) — this run may be slower and the chosen config may be suboptimal. Build a tuned cache for this GPU with the autotune cache-builder (see docs/operations/dispatch-cache.md).
  hit = _cached_subset(self, cfgs, nargs, meta)
/home/psk6950/MiniWorld/.pixi/envs/cu128/lib/python3.10/site-packages/miniworld_engine/autotune/cache.py:1405: UserWarning: [miniworld.autotune] no tuned autotune cache entry for this shape for op 'transition_bwd_swiglu_recompute_triton' on 'NVIDIA H100 80GB HBM3 (sm90)' (bfloat16|NORMALIZE=0,STORE_H=1,shape_key=40532397721127078). Falling back to a heuristic 24 of 1080 configs (run `miniworld-engine build all` to tune this GPU properly) — this run may be slower and the chosen config may be suboptimal. Build a tuned cache for this GPU with the autotune cache-builder (see docs/operations/dispatch-cache.md).
  hit = _cached_subset(self, cfgs, nargs, meta)
/home/psk6950/MiniWorld/.pixi/envs/cu128/lib/python3.10/site-packages/miniworld_engine/autotune/cache.py:1405: UserWarning: [miniworld.autotune] no tuned autotune cache entry for this shape for op 'layernorm_bwd_atomic_triton' on 'NVIDIA H100 80GB HBM3 (sm90)' (bfloat16+float32|HAS_ROWSCALE=0,shape_key=2473901425434). Falling back to a heuristic 24 of 1440 configs (run `miniworld-engine build all` to tune this GPU properly) — this run may be slower and the chosen config may be suboptimal. Build a tuned cache for this GPU with the autotune cache-builder (see docs/operations/dispatch-cache.md).
  hit = _cached_subset(self, cfgs, nargs, meta)
/home/psk6950/MiniWorld/.pixi/envs/cu128/lib/python3.10/site-packages/miniworld_engine/autotune/cache.py:1405: UserWarning: [miniworld.autotune] no tuned autotune cache entry for this shape for op 'transition_bwd_swiglu_recompute_triton' on 'NVIDIA H100 80GB HBM3 (sm90)' (bfloat16|NORMALIZE=0,STORE_H=1,shape_key=10133100236376230). Falling back to a heuristic 24 of 1080 configs (run `miniworld-engine build all` to tune this GPU properly) — this run may be slower and the chosen config may be suboptimal. Build a tuned cache for this GPU with the autotune cache-builder (see docs/operations/dispatch-cache.md).
  hit = _cached_subset(self, cfgs, nargs, meta)
/home/psk6950/MiniWorld/.pixi/envs/cu128/lib/python3.10/site-packages/miniworld_engine/autotune/cache.py:1405: UserWarning: [miniworld.autotune] no tuned autotune cache entry for this shape for op 'gated_projection_bwd_gate_dropres_triton' on 'NVIDIA H100 80GB HBM3 (sm90)' (bfloat16|FROM_PREACT=0,shape_key=6442713882). Falling back to a heuristic 24 of 480 configs (run `miniworld-engine build all` to tune this GPU properly) — this run may be slower and the chosen config may be suboptimal. Build a tuned cache for this GPU with the autotune cache-builder (see docs/operations/dispatch-cache.md).
  hit = _cached_subset(self, cfgs, nargs, meta)
/home/psk6950/MiniWorld/.pixi/envs/cu128/lib/python3.10/site-packages/miniworld_engine/autotune/cache.py:1405: UserWarning: [miniworld.autotune] no tuned autotune cache entry for this shape for op 'layernorm_bwd_atomic_strided_triton' on 'NVIDIA H100 80GB HBM3 (sm90)' (bfloat16+float32|shape_key=2473901687578). Falling back to a heuristic 24 of 288 configs (run `miniworld-engine build all` to tune this GPU properly) — this run may be slower and the chosen config may be suboptimal. Build a tuned cache for this GPU with the autotune cache-builder (see docs/operations/dispatch-cache.md).
  hit = _cached_subset(self, cfgs, nargs, meta)
/home/psk6950/MiniWorld/.pixi/envs/cu128/lib/python3.10/site-packages/miniworld_engine/autotune/cache.py:1405: UserWarning: [miniworld.autotune] no tuned autotune cache entry for this shape for op 'trimul_input_dual_bwd_triton' on 'NVIDIA H100 80GB HBM3 (sm90)' (bfloat16|M=147456,fs0=1,fs1=147456,gs0=64,gs1=1,shape_key=108090797693599897,vs0=64,vs1=1,ws0=1,ws1=64). Falling back to a heuristic 24 of 360 configs (run `miniworld-engine build all` to tune this GPU properly) — this run may be slower and the chosen config may be suboptimal. Build a tuned cache for this GPU with the autotune cache-builder (see docs/operations/dispatch-cache.md).
  hit = _cached_subset(self, cfgs, nargs, meta)
/home/psk6950/MiniWorld/.pixi/envs/cu128/lib/python3.10/site-packages/miniworld_engine/autotune/cache.py:1405: UserWarning: [miniworld.autotune] no tuned autotune cache entry for this shape for op 'trimul_input_ln_residual_bwd_triton' on 'NVIDIA H100 80GB HBM3 (sm90)' (bfloat16+float32|HAS_ROWSCALE=0,shape_key=2473901425434). Falling back to a heuristic 24 of 38 configs (run `miniworld-engine build all` to tune this GPU properly) — this run may be slower and the chosen config may be suboptimal. Build a tuned cache for this GPU with the autotune cache-builder (see docs/operations/dispatch-cache.md).
  hit = _cached_subset(self, cfgs, nargs, meta)
/home/psk6950/MiniWorld/.pixi/envs/cu128/lib/python3.10/site-packages/miniworld_engine/autotune/cache.py:1405: UserWarning: [miniworld.autotune] no tuned autotune cache entry for this shape for op 'rmsnorm_bwd_triton' on 'NVIDIA H100 80GB HBM3 (sm90)' (bfloat16+float32|HAS_WEIGHT=0,shape_key=68720001818). Falling back to a heuristic 24 of 600 configs (run `miniworld-engine build all` to tune this GPU properly) — this run may be slower and the chosen config may be suboptimal. Build a tuned cache for this GPU with the autotune cache-builder (see docs/operations/dispatch-cache.md).
  hit = _cached_subset(self, cfgs, nargs, meta)
/home/psk6950/MiniWorld/.pixi/envs/cu128/lib/python3.10/site-packages/miniworld_engine/autotune/cache.py:1405: UserWarning: [miniworld.autotune] no tuned autotune cache entry for this shape for op 'transition_bwd_swiglu_recompute_triton' on 'NVIDIA H100 80GB HBM3 (sm90)' (bfloat16|NORMALIZE=0,STORE_H=1,shape_key=281477125245094). Falling back to a heuristic 24 of 1080 configs (run `miniworld-engine build all` to tune this GPU properly) — this run may be slower and the chosen config may be suboptimal. Build a tuned cache for this GPU with the autotune cache-builder (see docs/operations/dispatch-cache.md).
  hit = _cached_subset(self, cfgs, nargs, meta)
/home/psk6950/MiniWorld/.pixi/envs/cu128/lib/python3.10/site-packages/miniworld_engine/autotune/cache.py:1405: UserWarning: [miniworld.autotune] no tuned autotune cache entry for this shape for op 'qk_norm_rope_bwd_triton' on 'NVIDIA H100 80GB HBM3 (sm90)' (bfloat16|shape_key=1125900443781205). Falling back to the full grid (15 configs) — this run may be slower and the chosen config may be suboptimal. Build a tuned cache for this GPU with the autotune cache-builder (see docs/operations/dispatch-cache.md).
  hit = _cached_subset(self, cfgs, nargs, meta)
[22:23:58] warmup 1/3 loss=4.562500 peak=52.84 GiB
[22:23:58] warmup 2/3 loss=4.562500 peak=52.84 GiB
[22:23:58] warmup 3/3 loss=4.562500 peak=52.84 GiB
[22:23:58] Full optimizer-step warmup
[22:24:06] Step warmup loss=4.562500 grad_norm=209.661697
[22:24:13] {"round": 0, "wall_seconds": 7.478234543465078, "cuda_seconds": 7.478134765625, "loss": 4.5625, "grad_norm": 209.6616973876953}
[22:24:21] {"round": 1, "wall_seconds": 7.473444836214185, "cuda_seconds": 7.47334716796875, "loss": 4.5625, "grad_norm": 209.66171264648438}
[22:24:28] {"round": 2, "wall_seconds": 7.463847763836384, "cuda_seconds": 7.4637177734375, "loss": 4.5625, "grad_norm": 210.057373046875}
[22:24:28] Saved runs/miniworld_graph_ab/r1-off.json
[22:24:35] Loaded 2 cached real batches
[22:24:37] Model params=21781312 backends={'triton': 296}; recycle=1; graph=manual
/home/psk6950/MiniWorld/.pixi/envs/cu128/lib/python3.10/site-packages/miniworld_engine/autotune/cache.py:1405: UserWarning: [miniworld.autotune] no tuned autotune cache entry for this shape for op 'qk_norm_rope_fwd_triton' on 'NVIDIA H100 80GB HBM3 (sm90)' (bfloat16|shape_key=1125900443781205). Falling back to the full grid (15 configs) — this run may be slower and the chosen config may be suboptimal. Build a tuned cache for this GPU with the autotune cache-builder (see docs/operations/dispatch-cache.md).
  hit = _cached_subset(self, cfgs, nargs, meta)
/home/psk6950/MiniWorld/.pixi/envs/cu128/lib/python3.10/site-packages/miniworld_engine/autotune/cache.py:1405: UserWarning: [miniworld.autotune] no tuned autotune cache entry for this shape for op 'transition_expand_swiglu_triton' on 'NVIDIA H100 80GB HBM3 (sm90)' (bfloat16|shape_key=281477125245094). Falling back to a heuristic 24 of 1296 configs (run `miniworld-engine build all` to tune this GPU properly) — this run may be slower and the chosen config may be suboptimal. Build a tuned cache for this GPU with the autotune cache-builder (see docs/operations/dispatch-cache.md).
  hit = _cached_subset(self, cfgs, nargs, meta)
/home/psk6950/MiniWorld/.pixi/envs/cu128/lib/python3.10/site-packages/miniworld_engine/autotune/cache.py:1405: UserWarning: [miniworld.autotune] no tuned autotune cache entry for this shape for op 'rmsnorm_fwd_triton' on 'NVIDIA H100 80GB HBM3 (sm90)' (bfloat16+float32|HAS_WEIGHT=0,shape_key=68720001818). Falling back to a heuristic 24 of 1200 configs (run `miniworld-engine build all` to tune this GPU properly) — this run may be slower and the chosen config may be suboptimal. Build a tuned cache for this GPU with the autotune cache-builder (see docs/operations/dispatch-cache.md).
  hit = _cached_subset(self, cfgs, nargs, meta)
/home/psk6950/MiniWorld/.pixi/envs/cu128/lib/python3.10/site-packages/miniworld_engine/autotune/cache.py:1405: UserWarning: [miniworld.autotune] no tuned autotune cache entry for this shape for op 'layernorm_fwd_saveact_triton' on 'NVIDIA H100 80GB HBM3 (sm90)' (bfloat16+float32|HAS_ROWSCALE=0,shape_key=2473901425434). Falling back to a heuristic 24 of 800 configs (run `miniworld-engine build all` to tune this GPU properly) — this run may be slower and the chosen config may be suboptimal. Build a tuned cache for this GPU with the autotune cache-builder (see docs/operations/dispatch-cache.md).
  hit = _cached_subset(self, cfgs, nargs, meta)
/home/psk6950/MiniWorld/.pixi/envs/cu128/lib/python3.10/site-packages/miniworld_engine/autotune/cache.py:1405: UserWarning: [miniworld.autotune] no tuned autotune cache entry for this shape for op 'trimul_gemm_gate_mmajor_triton' on 'NVIDIA H100 80GB HBM3 (sm90)' (bfloat16|SAVE_PREACT=1,shape_key=26390426815878). Falling back to a heuristic 24 of 864 configs (run `miniworld-engine build all` to tune this GPU properly) — this run may be slower and the chosen config may be suboptimal. Build a tuned cache for this GPU with the autotune cache-builder (see docs/operations/dispatch-cache.md).
  hit = _cached_subset(self, cfgs, nargs, meta)
/home/psk6950/MiniWorld/.pixi/envs/cu128/lib/python3.10/site-packages/miniworld_engine/autotune/cache.py:1405: UserWarning: [miniworld.autotune] no tuned autotune cache entry for this shape for op 'trimul_output_f567_train_triton' on 'NVIDIA H100 80GB HBM3 (sm90)' (bfloat16|L=384,M=147456,shape_key=108090791251148953,wg0=64,wg1=1,wp0=128,wp1=1). Falling back to a heuristic 24 of 960 configs (run `miniworld-engine build all` to tune this GPU properly) — this run may be slower and the chosen config may be suboptimal. Build a tuned cache for this GPU with the autotune cache-builder (see docs/operations/dispatch-cache.md).
  hit = _cached_subset(self, cfgs, nargs, meta)
/home/psk6950/MiniWorld/.pixi/envs/cu128/lib/python3.10/site-packages/miniworld_engine/autotune/cache.py:1405: UserWarning: [miniworld.autotune] no tuned autotune cache entry for this shape for op 'transition_expand_swiglu_triton' on 'NVIDIA H100 80GB HBM3 (sm90)' (bfloat16|shape_key=10133100236376230). Falling back to a heuristic 24 of 1296 configs (run `miniworld-engine build all` to tune this GPU properly) — this run may be slower and the chosen config may be suboptimal. Build a tuned cache for this GPU with the autotune cache-builder (see docs/operations/dispatch-cache.md).
  hit = _cached_subset(self, cfgs, nargs, meta)
/home/psk6950/MiniWorld/.pixi/envs/cu128/lib/python3.10/site-packages/miniworld_engine/autotune/cache.py:1405: UserWarning: [miniworld.autotune] no tuned autotune cache entry for this shape for op 'layernorm_fwd_saveact_triton' on 'NVIDIA H100 80GB HBM3 (sm90)' (bfloat16+float32|HAS_ROWSCALE=0,shape_key=9895604912922). Falling back to a heuristic 24 of 800 configs (run `miniworld-engine build all` to tune this GPU properly) — this run may be slower and the chosen config may be suboptimal. Build a tuned cache for this GPU with the autotune cache-builder (see docs/operations/dispatch-cache.md).
  hit = _cached_subset(self, cfgs, nargs, meta)
/home/psk6950/MiniWorld/.pixi/envs/cu128/lib/python3.10/site-packages/miniworld_engine/autotune/cache.py:1405: UserWarning: [miniworld.autotune] no tuned autotune cache entry for this shape for op 'transition_expand_swiglu_triton' on 'NVIDIA H100 80GB HBM3 (sm90)' (bfloat16|shape_key=40532397721127078). Falling back to a heuristic 24 of 1296 configs (run `miniworld-engine build all` to tune this GPU properly) — this run may be slower and the chosen config may be suboptimal. Build a tuned cache for this GPU with the autotune cache-builder (see docs/operations/dispatch-cache.md).
  hit = _cached_subset(self, cfgs, nargs, meta)
/home/psk6950/MiniWorld/.pixi/envs/cu128/lib/python3.10/site-packages/miniworld_engine/autotune/cache.py:1405: UserWarning: [miniworld.autotune] no tuned autotune cache entry for this shape for op 'layernorm_bwd_atomic_triton' on 'NVIDIA H100 80GB HBM3 (sm90)' (bfloat16+float32|HAS_ROWSCALE=0,shape_key=9895604912922). Falling back to a heuristic 24 of 1440 configs (run `miniworld-engine build all` to tune this GPU properly) — this run may be slower and the chosen config may be suboptimal. Build a tuned cache for this GPU with the autotune cache-builder (see docs/operations/dispatch-cache.md).
  hit = _cached_subset(self, cfgs, nargs, meta)
/home/psk6950/MiniWorld/.pixi/envs/cu128/lib/python3.10/site-packages/miniworld_engine/autotune/cache.py:1405: UserWarning: [miniworld.autotune] no tuned autotune cache entry for this shape for op 'transition_bwd_swiglu_recompute_triton' on 'NVIDIA H100 80GB HBM3 (sm90)' (bfloat16|NORMALIZE=0,STORE_H=1,shape_key=40532397721127078). Falling back to a heuristic 24 of 1080 configs (run `miniworld-engine build all` to tune this GPU properly) — this run may be slower and the chosen config may be suboptimal. Build a tuned cache for this GPU with the autotune cache-builder (see docs/operations/dispatch-cache.md).
  hit = _cached_subset(self, cfgs, nargs, meta)
/home/psk6950/MiniWorld/.pixi/envs/cu128/lib/python3.10/site-packages/miniworld_engine/autotune/cache.py:1405: UserWarning: [miniworld.autotune] no tuned autotune cache entry for this shape for op 'layernorm_bwd_atomic_triton' on 'NVIDIA H100 80GB HBM3 (sm90)' (bfloat16+float32|HAS_ROWSCALE=0,shape_key=2473901425434). Falling back to a heuristic 24 of 1440 configs (run `miniworld-engine build all` to tune this GPU properly) — this run may be slower and the chosen config may be suboptimal. Build a tuned cache for this GPU with the autotune cache-builder (see docs/operations/dispatch-cache.md).
  hit = _cached_subset(self, cfgs, nargs, meta)
/home/psk6950/MiniWorld/.pixi/envs/cu128/lib/python3.10/site-packages/miniworld_engine/autotune/cache.py:1405: UserWarning: [miniworld.autotune] no tuned autotune cache entry for this shape for op 'transition_bwd_swiglu_recompute_triton' on 'NVIDIA H100 80GB HBM3 (sm90)' (bfloat16|NORMALIZE=0,STORE_H=1,shape_key=10133100236376230). Falling back to a heuristic 24 of 1080 configs (run `miniworld-engine build all` to tune this GPU properly) — this run may be slower and the chosen config may be suboptimal. Build a tuned cache for this GPU with the autotune cache-builder (see docs/operations/dispatch-cache.md).
  hit = _cached_subset(self, cfgs, nargs, meta)
/home/psk6950/MiniWorld/.pixi/envs/cu128/lib/python3.10/site-packages/miniworld_engine/autotune/cache.py:1405: UserWarning: [miniworld.autotune] no tuned autotune cache entry for this shape for op 'gated_projection_bwd_gate_dropres_triton' on 'NVIDIA H100 80GB HBM3 (sm90)' (bfloat16|FROM_PREACT=0,shape_key=6442713882). Falling back to a heuristic 24 of 480 configs (run `miniworld-engine build all` to tune this GPU properly) — this run may be slower and the chosen config may be suboptimal. Build a tuned cache for this GPU with the autotune cache-builder (see docs/operations/dispatch-cache.md).
  hit = _cached_subset(self, cfgs, nargs, meta)
/home/psk6950/MiniWorld/.pixi/envs/cu128/lib/python3.10/site-packages/miniworld_engine/autotune/cache.py:1405: UserWarning: [miniworld.autotune] no tuned autotune cache entry for this shape for op 'layernorm_bwd_atomic_strided_triton' on 'NVIDIA H100 80GB HBM3 (sm90)' (bfloat16+float32|shape_key=2473901687578). Falling back to a heuristic 24 of 288 configs (run `miniworld-engine build all` to tune this GPU properly) — this run may be slower and the chosen config may be suboptimal. Build a tuned cache for this GPU with the autotune cache-builder (see docs/operations/dispatch-cache.md).
  hit = _cached_subset(self, cfgs, nargs, meta)
/home/psk6950/MiniWorld/.pixi/envs/cu128/lib/python3.10/site-packages/miniworld_engine/autotune/cache.py:1405: UserWarning: [miniworld.autotune] no tuned autotune cache entry for this shape for op 'trimul_input_dual_bwd_triton' on 'NVIDIA H100 80GB HBM3 (sm90)' (bfloat16|M=147456,fs0=1,fs1=147456,gs0=64,gs1=1,shape_key=108090797693599897,vs0=64,vs1=1,ws0=1,ws1=64). Falling back to a heuristic 24 of 360 configs (run `miniworld-engine build all` to tune this GPU properly) — this run may be slower and the chosen config may be suboptimal. Build a tuned cache for this GPU with the autotune cache-builder (see docs/operations/dispatch-cache.md).
  hit = _cached_subset(self, cfgs, nargs, meta)
/home/psk6950/MiniWorld/.pixi/envs/cu128/lib/python3.10/site-packages/miniworld_engine/autotune/cache.py:1405: UserWarning: [miniworld.autotune] no tuned autotune cache entry for this shape for op 'trimul_input_ln_residual_bwd_triton' on 'NVIDIA H100 80GB HBM3 (sm90)' (bfloat16+float32|HAS_ROWSCALE=0,shape_key=2473901425434). Falling back to a heuristic 24 of 38 configs (run `miniworld-engine build all` to tune this GPU properly) — this run may be slower and the chosen config may be suboptimal. Build a tuned cache for this GPU with the autotune cache-builder (see docs/operations/dispatch-cache.md).
  hit = _cached_subset(self, cfgs, nargs, meta)
/home/psk6950/MiniWorld/.pixi/envs/cu128/lib/python3.10/site-packages/miniworld_engine/autotune/cache.py:1405: UserWarning: [miniworld.autotune] no tuned autotune cache entry for this shape for op 'rmsnorm_bwd_triton' on 'NVIDIA H100 80GB HBM3 (sm90)' (bfloat16+float32|HAS_WEIGHT=0,shape_key=68720001818). Falling back to a heuristic 24 of 600 configs (run `miniworld-engine build all` to tune this GPU properly) — this run may be slower and the chosen config may be suboptimal. Build a tuned cache for this GPU with the autotune cache-builder (see docs/operations/dispatch-cache.md).
  hit = _cached_subset(self, cfgs, nargs, meta)
/home/psk6950/MiniWorld/.pixi/envs/cu128/lib/python3.10/site-packages/miniworld_engine/autotune/cache.py:1405: UserWarning: [miniworld.autotune] no tuned autotune cache entry for this shape for op 'transition_bwd_swiglu_recompute_triton' on 'NVIDIA H100 80GB HBM3 (sm90)' (bfloat16|NORMALIZE=0,STORE_H=1,shape_key=281477125245094). Falling back to a heuristic 24 of 1080 configs (run `miniworld-engine build all` to tune this GPU properly) — this run may be slower and the chosen config may be suboptimal. Build a tuned cache for this GPU with the autotune cache-builder (see docs/operations/dispatch-cache.md).
  hit = _cached_subset(self, cfgs, nargs, meta)
/home/psk6950/MiniWorld/.pixi/envs/cu128/lib/python3.10/site-packages/miniworld_engine/autotune/cache.py:1405: UserWarning: [miniworld.autotune] no tuned autotune cache entry for this shape for op 'qk_norm_rope_bwd_triton' on 'NVIDIA H100 80GB HBM3 (sm90)' (bfloat16|shape_key=1125900443781205). Falling back to the full grid (15 configs) — this run may be slower and the chosen config may be suboptimal. Build a tuned cache for this GPU with the autotune cache-builder (see docs/operations/dispatch-cache.md).
  hit = _cached_subset(self, cfgs, nargs, meta)
[22:25:59] warmup 1/3 loss=4.562500 peak=52.84 GiB
[22:25:59] warmup 2/3 loss=4.562500 peak=52.84 GiB
[22:25:59] warmup 3/3 loss=4.562500 peak=52.84 GiB
[22:26:00] Capture complete in 0.428s
[22:26:00] Full optimizer-step warmup
[22:26:07] Step warmup loss=4.562500 grad_norm=209.661682
[22:26:14] {"round": 0, "wall_seconds": 7.215555892325938, "cuda_seconds": 7.21535400390625, "loss": 4.5625, "grad_norm": 209.66168212890625}
[22:26:21] {"round": 1, "wall_seconds": 7.214870813302696, "cuda_seconds": 7.214765625, "loss": 4.5625, "grad_norm": 209.6616973876953}
[22:26:29] {"round": 2, "wall_seconds": 7.230551075190306, "cuda_seconds": 7.23045654296875, "loss": 4.5625, "grad_norm": 210.05735778808594}
[22:26:29] Saved runs/miniworld_graph_ab/r1-manual.json
[22:26:35] Loaded 2 cached real batches
[22:26:38] Model params=21781312 backends={'triton': 296}; recycle=4; graph=off
/home/psk6950/MiniWorld/.pixi/envs/cu128/lib/python3.10/site-packages/miniworld_engine/autotune/cache.py:1405: UserWarning: [miniworld.autotune] no tuned autotune cache entry for this shape for op 'qk_norm_rope_fwd_triton' on 'NVIDIA H100 80GB HBM3 (sm90)' (bfloat16|shape_key=1125900443781205). Falling back to the full grid (15 configs) — this run may be slower and the chosen config may be suboptimal. Build a tuned cache for this GPU with the autotune cache-builder (see docs/operations/dispatch-cache.md).
  hit = _cached_subset(self, cfgs, nargs, meta)
/home/psk6950/MiniWorld/.pixi/envs/cu128/lib/python3.10/site-packages/miniworld_engine/autotune/cache.py:1405: UserWarning: [miniworld.autotune] no tuned autotune cache entry for this shape for op 'transition_expand_swiglu_triton' on 'NVIDIA H100 80GB HBM3 (sm90)' (bfloat16|shape_key=281477125245094). Falling back to a heuristic 24 of 1296 configs (run `miniworld-engine build all` to tune this GPU properly) — this run may be slower and the chosen config may be suboptimal. Build a tuned cache for this GPU with the autotune cache-builder (see docs/operations/dispatch-cache.md).
  hit = _cached_subset(self, cfgs, nargs, meta)
/home/psk6950/MiniWorld/.pixi/envs/cu128/lib/python3.10/site-packages/miniworld_engine/autotune/cache.py:1405: UserWarning: [miniworld.autotune] no tuned autotune cache entry for this shape for op 'rmsnorm_fwd_triton' on 'NVIDIA H100 80GB HBM3 (sm90)' (bfloat16+float32|HAS_WEIGHT=0,shape_key=68720001818). Falling back to a heuristic 24 of 1200 configs (run `miniworld-engine build all` to tune this GPU properly) — this run may be slower and the chosen config may be suboptimal. Build a tuned cache for this GPU with the autotune cache-builder (see docs/operations/dispatch-cache.md).
  hit = _cached_subset(self, cfgs, nargs, meta)
/home/psk6950/MiniWorld/.pixi/envs/cu128/lib/python3.10/site-packages/miniworld_engine/autotune/cache.py:1405: UserWarning: [miniworld.autotune] no tuned autotune cache entry for this shape for op 'layernorm_fwd_saveact_triton' on 'NVIDIA H100 80GB HBM3 (sm90)' (bfloat16+float32|HAS_ROWSCALE=0,shape_key=2473901425434). Falling back to a heuristic 24 of 800 configs (run `miniworld-engine build all` to tune this GPU properly) — this run may be slower and the chosen config may be suboptimal. Build a tuned cache for this GPU with the autotune cache-builder (see docs/operations/dispatch-cache.md).
  hit = _cached_subset(self, cfgs, nargs, meta)
/home/psk6950/MiniWorld/.pixi/envs/cu128/lib/python3.10/site-packages/miniworld_engine/autotune/cache.py:1405: UserWarning: [miniworld.autotune] no tuned autotune cache entry for this shape for op 'trimul_gemm_gate_mmajor_triton' on 'NVIDIA H100 80GB HBM3 (sm90)' (bfloat16|SAVE_PREACT=1,shape_key=26390426815878). Falling back to a heuristic 24 of 864 configs (run `miniworld-engine build all` to tune this GPU properly) — this run may be slower and the chosen config may be suboptimal. Build a tuned cache for this GPU with the autotune cache-builder (see docs/operations/dispatch-cache.md).
  hit = _cached_subset(self, cfgs, nargs, meta)
/home/psk6950/MiniWorld/.pixi/envs/cu128/lib/python3.10/site-packages/miniworld_engine/autotune/cache.py:1405: UserWarning: [miniworld.autotune] no tuned autotune cache entry for this shape for op 'trimul_output_f567_train_triton' on 'NVIDIA H100 80GB HBM3 (sm90)' (bfloat16|L=384,M=147456,shape_key=108090791251148953,wg0=64,wg1=1,wp0=128,wp1=1). Falling back to a heuristic 24 of 960 configs (run `miniworld-engine build all` to tune this GPU properly) — this run may be slower and the chosen config may be suboptimal. Build a tuned cache for this GPU with the autotune cache-builder (see docs/operations/dispatch-cache.md).
  hit = _cached_subset(self, cfgs, nargs, meta)
/home/psk6950/MiniWorld/.pixi/envs/cu128/lib/python3.10/site-packages/miniworld_engine/autotune/cache.py:1405: UserWarning: [miniworld.autotune] no tuned autotune cache entry for this shape for op 'transition_expand_swiglu_triton' on 'NVIDIA H100 80GB HBM3 (sm90)' (bfloat16|shape_key=10133100236376230). Falling back to a heuristic 24 of 1296 configs (run `miniworld-engine build all` to tune this GPU properly) — this run may be slower and the chosen config may be suboptimal. Build a tuned cache for this GPU with the autotune cache-builder (see docs/operations/dispatch-cache.md).
  hit = _cached_subset(self, cfgs, nargs, meta)
/home/psk6950/MiniWorld/.pixi/envs/cu128/lib/python3.10/site-packages/miniworld_engine/autotune/cache.py:1405: UserWarning: [miniworld.autotune] no tuned autotune cache entry for this shape for op 'layernorm_fwd_saveact_triton' on 'NVIDIA H100 80GB HBM3 (sm90)' (bfloat16+float32|HAS_ROWSCALE=0,shape_key=9895604912922). Falling back to a heuristic 24 of 800 configs (run `miniworld-engine build all` to tune this GPU properly) — this run may be slower and the chosen config may be suboptimal. Build a tuned cache for this GPU with the autotune cache-builder (see docs/operations/dispatch-cache.md).
  hit = _cached_subset(self, cfgs, nargs, meta)
/home/psk6950/MiniWorld/.pixi/envs/cu128/lib/python3.10/site-packages/miniworld_engine/autotune/cache.py:1405: UserWarning: [miniworld.autotune] no tuned autotune cache entry for this shape for op 'transition_expand_swiglu_triton' on 'NVIDIA H100 80GB HBM3 (sm90)' (bfloat16|shape_key=40532397721127078). Falling back to a heuristic 24 of 1296 configs (run `miniworld-engine build all` to tune this GPU properly) — this run may be slower and the chosen config may be suboptimal. Build a tuned cache for this GPU with the autotune cache-builder (see docs/operations/dispatch-cache.md).
  hit = _cached_subset(self, cfgs, nargs, meta)
/home/psk6950/MiniWorld/.pixi/envs/cu128/lib/python3.10/site-packages/miniworld_engine/autotune/cache.py:1405: UserWarning: [miniworld.autotune] no tuned autotune cache entry for this shape for op 'layernorm_bwd_atomic_triton' on 'NVIDIA H100 80GB HBM3 (sm90)' (bfloat16+float32|HAS_ROWSCALE=0,shape_key=9895604912922). Falling back to a heuristic 24 of 1440 configs (run `miniworld-engine build all` to tune this GPU properly) — this run may be slower and the chosen config may be suboptimal. Build a tuned cache for this GPU with the autotune cache-builder (see docs/operations/dispatch-cache.md).
  hit = _cached_subset(self, cfgs, nargs, meta)
/home/psk6950/MiniWorld/.pixi/envs/cu128/lib/python3.10/site-packages/miniworld_engine/autotune/cache.py:1405: UserWarning: [miniworld.autotune] no tuned autotune cache entry for this shape for op 'transition_bwd_swiglu_recompute_triton' on 'NVIDIA H100 80GB HBM3 (sm90)' (bfloat16|NORMALIZE=0,STORE_H=1,shape_key=40532397721127078). Falling back to a heuristic 24 of 1080 configs (run `miniworld-engine build all` to tune this GPU properly) — this run may be slower and the chosen config may be suboptimal. Build a tuned cache for this GPU with the autotune cache-builder (see docs/operations/dispatch-cache.md).
  hit = _cached_subset(self, cfgs, nargs, meta)
/home/psk6950/MiniWorld/.pixi/envs/cu128/lib/python3.10/site-packages/miniworld_engine/autotune/cache.py:1405: UserWarning: [miniworld.autotune] no tuned autotune cache entry for this shape for op 'layernorm_bwd_atomic_triton' on 'NVIDIA H100 80GB HBM3 (sm90)' (bfloat16+float32|HAS_ROWSCALE=0,shape_key=2473901425434). Falling back to a heuristic 24 of 1440 configs (run `miniworld-engine build all` to tune this GPU properly) — this run may be slower and the chosen config may be suboptimal. Build a tuned cache for this GPU with the autotune cache-builder (see docs/operations/dispatch-cache.md).
  hit = _cached_subset(self, cfgs, nargs, meta)
/home/psk6950/MiniWorld/.pixi/envs/cu128/lib/python3.10/site-packages/miniworld_engine/autotune/cache.py:1405: UserWarning: [miniworld.autotune] no tuned autotune cache entry for this shape for op 'transition_bwd_swiglu_recompute_triton' on 'NVIDIA H100 80GB HBM3 (sm90)' (bfloat16|NORMALIZE=0,STORE_H=1,shape_key=10133100236376230). Falling back to a heuristic 24 of 1080 configs (run `miniworld-engine build all` to tune this GPU properly) — this run may be slower and the chosen config may be suboptimal. Build a tuned cache for this GPU with the autotune cache-builder (see docs/operations/dispatch-cache.md).
  hit = _cached_subset(self, cfgs, nargs, meta)
/home/psk6950/MiniWorld/.pixi/envs/cu128/lib/python3.10/site-packages/miniworld_engine/autotune/cache.py:1405: UserWarning: [miniworld.autotune] no tuned autotune cache entry for this shape for op 'gated_projection_bwd_gate_dropres_triton' on 'NVIDIA H100 80GB HBM3 (sm90)' (bfloat16|FROM_PREACT=0,shape_key=6442713882). Falling back to a heuristic 24 of 480 configs (run `miniworld-engine build all` to tune this GPU properly) — this run may be slower and the chosen config may be suboptimal. Build a tuned cache for this GPU with the autotune cache-builder (see docs/operations/dispatch-cache.md).
  hit = _cached_subset(self, cfgs, nargs, meta)
/home/psk6950/MiniWorld/.pixi/envs/cu128/lib/python3.10/site-packages/miniworld_engine/autotune/cache.py:1405: UserWarning: [miniworld.autotune] no tuned autotune cache entry for this shape for op 'layernorm_bwd_atomic_strided_triton' on 'NVIDIA H100 80GB HBM3 (sm90)' (bfloat16+float32|shape_key=2473901687578). Falling back to a heuristic 24 of 288 configs (run `miniworld-engine build all` to tune this GPU properly) — this run may be slower and the chosen config may be suboptimal. Build a tuned cache for this GPU with the autotune cache-builder (see docs/operations/dispatch-cache.md).
  hit = _cached_subset(self, cfgs, nargs, meta)
/home/psk6950/MiniWorld/.pixi/envs/cu128/lib/python3.10/site-packages/miniworld_engine/autotune/cache.py:1405: UserWarning: [miniworld.autotune] no tuned autotune cache entry for this shape for op 'trimul_input_dual_bwd_triton' on 'NVIDIA H100 80GB HBM3 (sm90)' (bfloat16|M=147456,fs0=1,fs1=147456,gs0=64,gs1=1,shape_key=108090797693599897,vs0=64,vs1=1,ws0=1,ws1=64). Falling back to a heuristic 24 of 360 configs (run `miniworld-engine build all` to tune this GPU properly) — this run may be slower and the chosen config may be suboptimal. Build a tuned cache for this GPU with the autotune cache-builder (see docs/operations/dispatch-cache.md).
  hit = _cached_subset(self, cfgs, nargs, meta)
/home/psk6950/MiniWorld/.pixi/envs/cu128/lib/python3.10/site-packages/miniworld_engine/autotune/cache.py:1405: UserWarning: [miniworld.autotune] no tuned autotune cache entry for this shape for op 'trimul_input_ln_residual_bwd_triton' on 'NVIDIA H100 80GB HBM3 (sm90)' (bfloat16+float32|HAS_ROWSCALE=0,shape_key=2473901425434). Falling back to a heuristic 24 of 38 configs (run `miniworld-engine build all` to tune this GPU properly) — this run may be slower and the chosen config may be suboptimal. Build a tuned cache for this GPU with the autotune cache-builder (see docs/operations/dispatch-cache.md).
  hit = _cached_subset(self, cfgs, nargs, meta)
/home/psk6950/MiniWorld/.pixi/envs/cu128/lib/python3.10/site-packages/miniworld_engine/autotune/cache.py:1405: UserWarning: [miniworld.autotune] no tuned autotune cache entry for this shape for op 'rmsnorm_bwd_triton' on 'NVIDIA H100 80GB HBM3 (sm90)' (bfloat16+float32|HAS_WEIGHT=0,shape_key=68720001818). Falling back to a heuristic 24 of 600 configs (run `miniworld-engine build all` to tune this GPU properly) — this run may be slower and the chosen config may be suboptimal. Build a tuned cache for this GPU with the autotune cache-builder (see docs/operations/dispatch-cache.md).
  hit = _cached_subset(self, cfgs, nargs, meta)
/home/psk6950/MiniWorld/.pixi/envs/cu128/lib/python3.10/site-packages/miniworld_engine/autotune/cache.py:1405: UserWarning: [miniworld.autotune] no tuned autotune cache entry for this shape for op 'transition_bwd_swiglu_recompute_triton' on 'NVIDIA H100 80GB HBM3 (sm90)' (bfloat16|NORMALIZE=0,STORE_H=1,shape_key=281477125245094). Falling back to a heuristic 24 of 1080 configs (run `miniworld-engine build all` to tune this GPU properly) — this run may be slower and the chosen config may be suboptimal. Build a tuned cache for this GPU with the autotune cache-builder (see docs/operations/dispatch-cache.md).
  hit = _cached_subset(self, cfgs, nargs, meta)
/home/psk6950/MiniWorld/.pixi/envs/cu128/lib/python3.10/site-packages/miniworld_engine/autotune/cache.py:1405: UserWarning: [miniworld.autotune] no tuned autotune cache entry for this shape for op 'qk_norm_rope_bwd_triton' on 'NVIDIA H100 80GB HBM3 (sm90)' (bfloat16|shape_key=1125900443781205). Falling back to the full grid (15 configs) — this run may be slower and the chosen config may be suboptimal. Build a tuned cache for this GPU with the autotune cache-builder (see docs/operations/dispatch-cache.md).
  hit = _cached_subset(self, cfgs, nargs, meta)
[22:27:59] warmup 1/3 loss=4.562500 peak=52.84 GiB
[22:28:00] warmup 2/3 loss=4.562500 peak=52.84 GiB
[22:28:00] warmup 3/3 loss=4.562500 peak=52.84 GiB
[22:28:00] Full optimizer-step warmup
[22:28:15] Step warmup loss=4.562500 grad_norm=209.661682
[22:28:29] {"round": 0, "wall_seconds": 14.35085630044341, "cuda_seconds": 14.350626953125, "loss": 4.5625, "grad_norm": 209.66168212890625}
[22:28:44] {"round": 1, "wall_seconds": 14.363688940182328, "cuda_seconds": 14.3635439453125, "loss": 4.5625, "grad_norm": 209.6616973876953}
[22:28:58] {"round": 2, "wall_seconds": 14.359408304095268, "cuda_seconds": 14.35924609375, "loss": 4.5625, "grad_norm": 210.05751037597656}
[22:28:58] Saved runs/miniworld_graph_ab/r4-off.json
[22:29:04] Loaded 2 cached real batches
[22:29:07] Model params=21781312 backends={'triton': 296}; recycle=4; graph=manual
/home/psk6950/MiniWorld/.pixi/envs/cu128/lib/python3.10/site-packages/miniworld_engine/autotune/cache.py:1405: UserWarning: [miniworld.autotune] no tuned autotune cache entry for this shape for op 'qk_norm_rope_fwd_triton' on 'NVIDIA H100 80GB HBM3 (sm90)' (bfloat16|shape_key=1125900443781205). Falling back to the full grid (15 configs) — this run may be slower and the chosen config may be suboptimal. Build a tuned cache for this GPU with the autotune cache-builder (see docs/operations/dispatch-cache.md).
  hit = _cached_subset(self, cfgs, nargs, meta)
/home/psk6950/MiniWorld/.pixi/envs/cu128/lib/python3.10/site-packages/miniworld_engine/autotune/cache.py:1405: UserWarning: [miniworld.autotune] no tuned autotune cache entry for this shape for op 'transition_expand_swiglu_triton' on 'NVIDIA H100 80GB HBM3 (sm90)' (bfloat16|shape_key=281477125245094). Falling back to a heuristic 24 of 1296 configs (run `miniworld-engine build all` to tune this GPU properly) — this run may be slower and the chosen config may be suboptimal. Build a tuned cache for this GPU with the autotune cache-builder (see docs/operations/dispatch-cache.md).
  hit = _cached_subset(self, cfgs, nargs, meta)
/home/psk6950/MiniWorld/.pixi/envs/cu128/lib/python3.10/site-packages/miniworld_engine/autotune/cache.py:1405: UserWarning: [miniworld.autotune] no tuned autotune cache entry for this shape for op 'rmsnorm_fwd_triton' on 'NVIDIA H100 80GB HBM3 (sm90)' (bfloat16+float32|HAS_WEIGHT=0,shape_key=68720001818). Falling back to a heuristic 24 of 1200 configs (run `miniworld-engine build all` to tune this GPU properly) — this run may be slower and the chosen config may be suboptimal. Build a tuned cache for this GPU with the autotune cache-builder (see docs/operations/dispatch-cache.md).
  hit = _cached_subset(self, cfgs, nargs, meta)
/home/psk6950/MiniWorld/.pixi/envs/cu128/lib/python3.10/site-packages/miniworld_engine/autotune/cache.py:1405: UserWarning: [miniworld.autotune] no tuned autotune cache entry for this shape for op 'layernorm_fwd_saveact_triton' on 'NVIDIA H100 80GB HBM3 (sm90)' (bfloat16+float32|HAS_ROWSCALE=0,shape_key=2473901425434). Falling back to a heuristic 24 of 800 configs (run `miniworld-engine build all` to tune this GPU properly) — this run may be slower and the chosen config may be suboptimal. Build a tuned cache for this GPU with the autotune cache-builder (see docs/operations/dispatch-cache.md).
  hit = _cached_subset(self, cfgs, nargs, meta)
/home/psk6950/MiniWorld/.pixi/envs/cu128/lib/python3.10/site-packages/miniworld_engine/autotune/cache.py:1405: UserWarning: [miniworld.autotune] no tuned autotune cache entry for this shape for op 'trimul_gemm_gate_mmajor_triton' on 'NVIDIA H100 80GB HBM3 (sm90)' (bfloat16|SAVE_PREACT=1,shape_key=26390426815878). Falling back to a heuristic 24 of 864 configs (run `miniworld-engine build all` to tune this GPU properly) — this run may be slower and the chosen config may be suboptimal. Build a tuned cache for this GPU with the autotune cache-builder (see docs/operations/dispatch-cache.md).
  hit = _cached_subset(self, cfgs, nargs, meta)
/home/psk6950/MiniWorld/.pixi/envs/cu128/lib/python3.10/site-packages/miniworld_engine/autotune/cache.py:1405: UserWarning: [miniworld.autotune] no tuned autotune cache entry for this shape for op 'trimul_output_f567_train_triton' on 'NVIDIA H100 80GB HBM3 (sm90)' (bfloat16|L=384,M=147456,shape_key=108090791251148953,wg0=64,wg1=1,wp0=128,wp1=1). Falling back to a heuristic 24 of 960 configs (run `miniworld-engine build all` to tune this GPU properly) — this run may be slower and the chosen config may be suboptimal. Build a tuned cache for this GPU with the autotune cache-builder (see docs/operations/dispatch-cache.md).
  hit = _cached_subset(self, cfgs, nargs, meta)
/home/psk6950/MiniWorld/.pixi/envs/cu128/lib/python3.10/site-packages/miniworld_engine/autotune/cache.py:1405: UserWarning: [miniworld.autotune] no tuned autotune cache entry for this shape for op 'transition_expand_swiglu_triton' on 'NVIDIA H100 80GB HBM3 (sm90)' (bfloat16|shape_key=10133100236376230). Falling back to a heuristic 24 of 1296 configs (run `miniworld-engine build all` to tune this GPU properly) — this run may be slower and the chosen config may be suboptimal. Build a tuned cache for this GPU with the autotune cache-builder (see docs/operations/dispatch-cache.md).
  hit = _cached_subset(self, cfgs, nargs, meta)
/home/psk6950/MiniWorld/.pixi/envs/cu128/lib/python3.10/site-packages/miniworld_engine/autotune/cache.py:1405: UserWarning: [miniworld.autotune] no tuned autotune cache entry for this shape for op 'layernorm_fwd_saveact_triton' on 'NVIDIA H100 80GB HBM3 (sm90)' (bfloat16+float32|HAS_ROWSCALE=0,shape_key=9895604912922). Falling back to a heuristic 24 of 800 configs (run `miniworld-engine build all` to tune this GPU properly) — this run may be slower and the chosen config may be suboptimal. Build a tuned cache for this GPU with the autotune cache-builder (see docs/operations/dispatch-cache.md).
  hit = _cached_subset(self, cfgs, nargs, meta)
/home/psk6950/MiniWorld/.pixi/envs/cu128/lib/python3.10/site-packages/miniworld_engine/autotune/cache.py:1405: UserWarning: [miniworld.autotune] no tuned autotune cache entry for this shape for op 'transition_expand_swiglu_triton' on 'NVIDIA H100 80GB HBM3 (sm90)' (bfloat16|shape_key=40532397721127078). Falling back to a heuristic 24 of 1296 configs (run `miniworld-engine build all` to tune this GPU properly) — this run may be slower and the chosen config may be suboptimal. Build a tuned cache for this GPU with the autotune cache-builder (see docs/operations/dispatch-cache.md).
  hit = _cached_subset(self, cfgs, nargs, meta)
/home/psk6950/MiniWorld/.pixi/envs/cu128/lib/python3.10/site-packages/miniworld_engine/autotune/cache.py:1405: UserWarning: [miniworld.autotune] no tuned autotune cache entry for this shape for op 'layernorm_bwd_atomic_triton' on 'NVIDIA H100 80GB HBM3 (sm90)' (bfloat16+float32|HAS_ROWSCALE=0,shape_key=9895604912922). Falling back to a heuristic 24 of 1440 configs (run `miniworld-engine build all` to tune this GPU properly) — this run may be slower and the chosen config may be suboptimal. Build a tuned cache for this GPU with the autotune cache-builder (see docs/operations/dispatch-cache.md).
  hit = _cached_subset(self, cfgs, nargs, meta)
/home/psk6950/MiniWorld/.pixi/envs/cu128/lib/python3.10/site-packages/miniworld_engine/autotune/cache.py:1405: UserWarning: [miniworld.autotune] no tuned autotune cache entry for this shape for op 'transition_bwd_swiglu_recompute_triton' on 'NVIDIA H100 80GB HBM3 (sm90)' (bfloat16|NORMALIZE=0,STORE_H=1,shape_key=40532397721127078). Falling back to a heuristic 24 of 1080 configs (run `miniworld-engine build all` to tune this GPU properly) — this run may be slower and the chosen config may be suboptimal. Build a tuned cache for this GPU with the autotune cache-builder (see docs/operations/dispatch-cache.md).
  hit = _cached_subset(self, cfgs, nargs, meta)
/home/psk6950/MiniWorld/.pixi/envs/cu128/lib/python3.10/site-packages/miniworld_engine/autotune/cache.py:1405: UserWarning: [miniworld.autotune] no tuned autotune cache entry for this shape for op 'layernorm_bwd_atomic_triton' on 'NVIDIA H100 80GB HBM3 (sm90)' (bfloat16+float32|HAS_ROWSCALE=0,shape_key=2473901425434). Falling back to a heuristic 24 of 1440 configs (run `miniworld-engine build all` to tune this GPU properly) — this run may be slower and the chosen config may be suboptimal. Build a tuned cache for this GPU with the autotune cache-builder (see docs/operations/dispatch-cache.md).
  hit = _cached_subset(self, cfgs, nargs, meta)
/home/psk6950/MiniWorld/.pixi/envs/cu128/lib/python3.10/site-packages/miniworld_engine/autotune/cache.py:1405: UserWarning: [miniworld.autotune] no tuned autotune cache entry for this shape for op 'transition_bwd_swiglu_recompute_triton' on 'NVIDIA H100 80GB HBM3 (sm90)' (bfloat16|NORMALIZE=0,STORE_H=1,shape_key=10133100236376230). Falling back to a heuristic 24 of 1080 configs (run `miniworld-engine build all` to tune this GPU properly) — this run may be slower and the chosen config may be suboptimal. Build a tuned cache for this GPU with the autotune cache-builder (see docs/operations/dispatch-cache.md).
  hit = _cached_subset(self, cfgs, nargs, meta)
/home/psk6950/MiniWorld/.pixi/envs/cu128/lib/python3.10/site-packages/miniworld_engine/autotune/cache.py:1405: UserWarning: [miniworld.autotune] no tuned autotune cache entry for this shape for op 'gated_projection_bwd_gate_dropres_triton' on 'NVIDIA H100 80GB HBM3 (sm90)' (bfloat16|FROM_PREACT=0,shape_key=6442713882). Falling back to a heuristic 24 of 480 configs (run `miniworld-engine build all` to tune this GPU properly) — this run may be slower and the chosen config may be suboptimal. Build a tuned cache for this GPU with the autotune cache-builder (see docs/operations/dispatch-cache.md).
  hit = _cached_subset(self, cfgs, nargs, meta)
/home/psk6950/MiniWorld/.pixi/envs/cu128/lib/python3.10/site-packages/miniworld_engine/autotune/cache.py:1405: UserWarning: [miniworld.autotune] no tuned autotune cache entry for this shape for op 'layernorm_bwd_atomic_strided_triton' on 'NVIDIA H100 80GB HBM3 (sm90)' (bfloat16+float32|shape_key=2473901687578). Falling back to a heuristic 24 of 288 configs (run `miniworld-engine build all` to tune this GPU properly) — this run may be slower and the chosen config may be suboptimal. Build a tuned cache for this GPU with the autotune cache-builder (see docs/operations/dispatch-cache.md).
  hit = _cached_subset(self, cfgs, nargs, meta)
/home/psk6950/MiniWorld/.pixi/envs/cu128/lib/python3.10/site-packages/miniworld_engine/autotune/cache.py:1405: UserWarning: [miniworld.autotune] no tuned autotune cache entry for this shape for op 'trimul_input_dual_bwd_triton' on 'NVIDIA H100 80GB HBM3 (sm90)' (bfloat16|M=147456,fs0=1,fs1=147456,gs0=64,gs1=1,shape_key=108090797693599897,vs0=64,vs1=1,ws0=1,ws1=64). Falling back to a heuristic 24 of 360 configs (run `miniworld-engine build all` to tune this GPU properly) — this run may be slower and the chosen config may be suboptimal. Build a tuned cache for this GPU with the autotune cache-builder (see docs/operations/dispatch-cache.md).
  hit = _cached_subset(self, cfgs, nargs, meta)
/home/psk6950/MiniWorld/.pixi/envs/cu128/lib/python3.10/site-packages/miniworld_engine/autotune/cache.py:1405: UserWarning: [miniworld.autotune] no tuned autotune cache entry for this shape for op 'trimul_input_ln_residual_bwd_triton' on 'NVIDIA H100 80GB HBM3 (sm90)' (bfloat16+float32|HAS_ROWSCALE=0,shape_key=2473901425434). Falling back to a heuristic 24 of 38 configs (run `miniworld-engine build all` to tune this GPU properly) — this run may be slower and the chosen config may be suboptimal. Build a tuned cache for this GPU with the autotune cache-builder (see docs/operations/dispatch-cache.md).
  hit = _cached_subset(self, cfgs, nargs, meta)
/home/psk6950/MiniWorld/.pixi/envs/cu128/lib/python3.10/site-packages/miniworld_engine/autotune/cache.py:1405: UserWarning: [miniworld.autotune] no tuned autotune cache entry for this shape for op 'rmsnorm_bwd_triton' on 'NVIDIA H100 80GB HBM3 (sm90)' (bfloat16+float32|HAS_WEIGHT=0,shape_key=68720001818). Falling back to a heuristic 24 of 600 configs (run `miniworld-engine build all` to tune this GPU properly) — this run may be slower and the chosen config may be suboptimal. Build a tuned cache for this GPU with the autotune cache-builder (see docs/operations/dispatch-cache.md).
  hit = _cached_subset(self, cfgs, nargs, meta)
/home/psk6950/MiniWorld/.pixi/envs/cu128/lib/python3.10/site-packages/miniworld_engine/autotune/cache.py:1405: UserWarning: [miniworld.autotune] no tuned autotune cache entry for this shape for op 'transition_bwd_swiglu_recompute_triton' on 'NVIDIA H100 80GB HBM3 (sm90)' (bfloat16|NORMALIZE=0,STORE_H=1,shape_key=281477125245094). Falling back to a heuristic 24 of 1080 configs (run `miniworld-engine build all` to tune this GPU properly) — this run may be slower and the chosen config may be suboptimal. Build a tuned cache for this GPU with the autotune cache-builder (see docs/operations/dispatch-cache.md).
  hit = _cached_subset(self, cfgs, nargs, meta)
/home/psk6950/MiniWorld/.pixi/envs/cu128/lib/python3.10/site-packages/miniworld_engine/autotune/cache.py:1405: UserWarning: [miniworld.autotune] no tuned autotune cache entry for this shape for op 'qk_norm_rope_bwd_triton' on 'NVIDIA H100 80GB HBM3 (sm90)' (bfloat16|shape_key=1125900443781205). Falling back to the full grid (15 configs) — this run may be slower and the chosen config may be suboptimal. Build a tuned cache for this GPU with the autotune cache-builder (see docs/operations/dispatch-cache.md).
  hit = _cached_subset(self, cfgs, nargs, meta)
[22:29:21] warmup 1/3 loss=4.562500 peak=52.66 GiB
[22:29:22] warmup 2/3 loss=4.562500 peak=52.69 GiB
[22:29:22] warmup 3/3 loss=4.562500 peak=52.69 GiB
[22:29:23] Capture complete in 0.627s
[22:29:23] Full optimizer-step warmup
[22:29:37] Step warmup loss=4.562500 grad_norm=209.661682
[22:29:51] {"round": 0, "wall_seconds": 13.83633004501462, "cuda_seconds": 13.8360654296875, "loss": 4.5625, "grad_norm": 209.66168212890625}
[22:30:04] {"round": 1, "wall_seconds": 13.844162894412875, "cuda_seconds": 13.843939453125, "loss": 4.5625, "grad_norm": 209.6616973876953}
[22:30:18] {"round": 2, "wall_seconds": 13.860682625323534, "cuda_seconds": 13.8604443359375, "loss": 4.5625, "grad_norm": 210.05751037597656}
[22:30:18] Saved runs/miniworld_graph_ab/r4-manual.json
