========= COMPUTE-SANITIZER
/home/psk6950/MiniWorld/.pixi/envs/cu128/lib/python3.10/site-packages/torch/jit/_script.py:1480: DeprecationWarning: `torch.jit.script` is deprecated. Please switch to `torch.compile` or `torch.export`.
  warnings.warn(
/home/psk6950/MiniWorld/.pixi/envs/cu128/lib/python3.10/site-packages/torch/jit/_script.py:362: DeprecationWarning: `torch.jit.script_method` is deprecated. Please switch to `torch.compile` or `torch.export`.
  warnings.warn(
RESOURCE 1 0 ['    56 bytes stack frame, 52 bytes spill stores, 68 bytes spill loads', 'ptxas info    : Used 168 registers, used 1 barriers, 56 bytes cumulative stack size']
CUBIN b1 /home/psk6950/MiniWorld/runs/trimul_split_bwd_20260921/build/cbbaaf16a508c8a3ce4251ab181c64671dc5ad7f7efe6554388c4ef5ebb2a071.cubin ptxas info    : 0 bytes gmem
ptxas info    : Compiling entry function 'b1_reduce' for 'sm_90a'
ptxas info    : Function properties for b1_reduce
    0 bytes stack frame, 0 bytes spill stores, 0 bytes spill loads
ptxas info    : Used 31 registers, used 0 barriers
ptxas info    : Compile time = 8.101 ms
ptxas info    : Compiling entry function 'b1_fused' for 'sm_90a'
ptxas info    : Function properties for b1_fused
    0 bytes stack frame, 0 bytes spill stores, 0 bytes spill loads
ptxas info    : Used 255 registers, used 16 barriers, 1024 bytes smem
ptxas info    : Compile time = 552.153 ms

CUBIN /home/psk6950/MiniWorld/runs/trimul_split_bwd_20260921/build/d7ca96f26d834736e71bad92539274f8f63fcfd779b719e9b4eac2cc25d4cfdd.cubin {'SPLIT_ROLE': 1, 'USE_SAVED_XN': 1, 'DW_SPLITS': 16, 'PIPE_CONSUMERS': 1, 'DX_CTAS': 132, 'DW_PROD_REGS': 32, 'DW_CONS_REGS': 224, 'UCOUNT': 256, 'DX_RESIDENT': 1, 'WGRAD_SLICES': 2} ['0 bytes stack frame, 0 bytes spill stores, 0 bytes spill loads', 'ptxas info    : Used 128 registers, used 16 barriers, 1024 bytes smem']
CUBIN /home/psk6950/MiniWorld/runs/trimul_split_bwd_20260921/build/ecb1769c4aaeceab620cdad111f444c14ded5f403fff44d60b4cb4c68fb63549.cubin {'SPLIT_ROLE': 2, 'USE_SAVED_XN': 1, 'DW_SPLITS': 16, 'PIPE_CONSUMERS': 1, 'DX_CTAS': 132, 'DW_PROD_REGS': 32, 'DW_CONS_REGS': 224, 'UCOUNT': 132, 'DX_RESIDENT': 1, 'WGRAD_SLICES': 2} ['0 bytes stack frame, 0 bytes spill stores, 0 bytes spill loads', 'ptxas info    : Used 180 registers, used 16 barriers, 2048 bytes smem']
BUILD 51a76be7fbddc7349a848056909f7da433670efd5c09e47ea2da890657875235.cubin /home/psk6950/MiniWorld/runs/trimul_b1_shared_20260921/b1_fused.cu(164): warning #177-D: variable "x" was declared but never referenced
    uint8_t* x=sm+16384+slot*49152;
             ^

Remark: The warnings can be suppressed with "-diag-suppress <warning-number>"

ptxas info    : 0 bytes gmem
ptxas info    : Compiling entry function 'b1_reduce' for 'sm_90a'
ptxas info    : Function properties for b1_reduce
    0 bytes stack frame, 0 bytes spill stores, 0 bytes spill loads
ptxas info    : Used 32 registers, used 0 barriers
ptxas info    : Compile time = 14.756 ms
ptxas info    : Compiling entry function 'b1_fused' for 'sm_90a'
ptxas info    : Function properties for b1_fused
    16 bytes stack frame, 16 bytes spill stores, 16 bytes spill loads
ptxas info    : Used 255 registers, used 16 barriers, 16 bytes cumulative stack size, 1024 bytes smem
ptxas info    : Compile time = 422.496 ms

CUBIN k3 3 2 False -1 /home/psk6950/MiniWorld/runs/trimul_ln_policy_v4_20260921/build/b3c1096fe2fe452f29026c432a25af246c72a76047d1c572fe0d889793369cc3.cubin ['0 bytes stack frame, 0 bytes spill stores, 0 bytes spill loads', 'ptxas info    : Used 168 registers, used 1 barriers']
BUILD 35cf70b5597602a485874044269f3d672936aeb0a64dd2b306bba4d796f0c7dd.cubin /home/psk6950/MiniWorld/runs/trimul_ln_policy_v4_20260921/b1_fused.cu(243): warning #177-D: variable "x" was declared but never referenced
    uint8_t* x=sm+16384+slot*49152;
             ^

Remark: The warnings can be suppressed with "-diag-suppress <warning-number>"

ptxas info    : 0 bytes gmem
ptxas info    : Compiling entry function 'b1_reduce' for 'sm_90a'
ptxas info    : Function properties for b1_reduce
    0 bytes stack frame, 0 bytes spill stores, 0 bytes spill loads
ptxas info    : Used 32 registers, used 0 barriers
ptxas info    : Compile time = 14.900 ms
ptxas info    : Compiling entry function 'b1_fused' for 'sm_90a'
ptxas info    : Function properties for b1_fused
    0 bytes stack frame, 0 bytes spill stores, 0 bytes spill loads
ptxas info    : Used 243 registers, used 16 barriers, 1024 bytes smem
ptxas info    : Compile time = 411.736 ms

CUBIN k3 3 2 False 1 /home/psk6950/MiniWorld/runs/trimul_ln_policy_v4_20260921/build/0f20b2b408dcab8fd300e6e91a184dfd5319baf89c1f86e68130019be314d1c2.cubin ['0 bytes stack frame, 0 bytes spill stores, 0 bytes spill loads', 'ptxas info    : Used 168 registers, used 1 barriers']
BUILD 5e5fe97ea47d5e44e7299332fc5deb5dc590b9dfc543c90d3fa990792968c85c.cubin /home/psk6950/MiniWorld/runs/trimul_ln_policy_v4_20260921/b1_lowreg.inc(5): warning #177-D: variable "sx" was declared but never referenced
   uint8_t* sx=sm+32768+slot*49152;
            ^

Remark: The warnings can be suppressed with "-diag-suppress <warning-number>"

/home/psk6950/MiniWorld/runs/trimul_ln_policy_v4_20260921/b1_fused.cu(243): warning #177-D: variable "x" was declared but never referenced
    uint8_t* x=sm+16384+slot*49152;
             ^

ptxas info    : 0 bytes gmem
ptxas info    : Compiling entry function 'b1_reduce' for 'sm_90a'
ptxas info    : Function properties for b1_reduce
    0 bytes stack frame, 0 bytes spill stores, 0 bytes spill loads
ptxas info    : Used 32 registers, used 0 barriers
ptxas info    : Compile time = 13.878 ms
ptxas info    : Compiling entry function 'b1_fused' for 'sm_90a'
ptxas info    : Function properties for b1_fused
    0 bytes stack frame, 0 bytes spill stores, 0 bytes spill loads
ptxas info    : Used 255 registers, used 16 barriers, 1024 bytes smem
ptxas info    : Compile time = 464.749 ms

CHECK baseline True {'forward': 0.0, 'dx': 0.0, 'dWL': 0.0, 'dWLg': 0.0, 'dWR': 0.0, 'dWRg': 0.0, 'dWgate': 0.0, 'dWproj': 0.0, 'dgamma_in': 0.0, 'dbeta_in': 0.0, 'dgamma_out': 0.0, 'dbeta_out': 0.0}
CHECK stats_only True {'forward': 0.0, 'dx': 0.0, 'dWL': 0.0, 'dWLg': 0.0, 'dWR': 0.0, 'dWRg': 0.0, 'dWgate': 0.0, 'dWproj': 0.0, 'dgamma_in': 0.0, 'dbeta_in': 0.0, 'dgamma_out': 0.0, 'dbeta_out': 0.0}
CHECK xhat_fp32 True {'forward': 0.0, 'dx': 0.0, 'dWL': 0.0, 'dWLg': 0.0, 'dWR': 0.0, 'dWRg': 0.0, 'dWgate': 0.0, 'dWproj': 0.0, 'dgamma_in': 0.0, 'dbeta_in': 0.0, 'dgamma_out': 0.0, 'dbeta_out': 0.0}
MUTATED baseline True {'forward': 0.0, 'dx': 0.0, 'dWL': 0.0, 'dWLg': 0.0, 'dWR': 0.0, 'dWRg': 0.0, 'dWgate': 0.0, 'dWproj': 0.0, 'dgamma_in': 0.0, 'dbeta_in': 0.0, 'dgamma_out': 0.0, 'dbeta_out': 0.0}
MUTATED stats_only True {'forward': 0.0, 'dx': 0.0, 'dWL': 0.0, 'dWLg': 0.0, 'dWR': 0.0, 'dWRg': 0.0, 'dWgate': 0.0, 'dWproj': 0.0, 'dgamma_in': 0.0, 'dbeta_in': 0.0, 'dgamma_out': 0.0, 'dbeta_out': 0.0}
MUTATED xhat_fp32 True {'forward': 0.0, 'dx': 0.0, 'dWL': 0.0, 'dWLg': 0.0, 'dWR': 0.0, 'dWRg': 0.0, 'dWgate': 0.0, 'dWproj': 0.0, 'dgamma_in': 0.0, 'dbeta_in': 0.0, 'dgamma_out': 0.0, 'dbeta_out': 0.0}
CHECK_ONLY_DONE
========= ERROR SUMMARY: 0 errors
