========= COMPUTE-SANITIZER
........................                                                 [100%]
=============================== warnings summary ===============================
tests/test_engine_trimul_f567_cute.py: 20 warnings
  /home/psk6950/MiniWorld/runs/trimul_f567_cute_20260916/package/miniworld_engine/kernels/trimul_inproj/cute/output_f567.py:231: DeprecationWarning: warpgroup.OperandMajorMode is deprecated, use cute.nvgpu.OperandMajorMode instead
    warpgroup.OperandMajorMode.K, warpgroup.OperandMajorMode.K,

tests/test_engine_trimul_f567_cute.py: 10 warnings
  <string>:10: DeprecationWarning: warpgroup.OperandMajorMode is deprecated, use cute.nvgpu.OperandMajorMode instead

tests/test_engine_trimul_f567_cute.py: 20 warnings
  /home/psk6950/MiniWorld/.pixi/envs/cu128/lib/python3.10/site-packages/nvidia_cutlass_dsl/python_packages/cutlass/base_dsl/_mlir_helpers/op.py:121: DeprecationWarning: `make_fragment` is deprecated, use `make_rmem_tensor` instead
    res_or_list = opFunc(*args, **kwargs, loc=loc)

tests/test_engine_trimul_f567_cute.py: 14 warnings
  /home/psk6950/MiniWorld/.pixi/envs/cu128/lib/python3.10/site-packages/torch/jit/_script.py:362: DeprecationWarning: `torch.jit.script_method` is deprecated. Please switch to `torch.compile` or `torch.export`.
    warnings.warn(

tests/test_engine_trimul_f567_cute.py::test_compiled_graph_replay
  /home/psk6950/MiniWorld/runs/trimul_f567_cute_20260916/package/miniworld_engine/kernels/trimul_inproj/cute/output_f567.py:343: UserWarning: [miniworld.autotune] native cache source/environment changed for op 'trimul_output_f567_sm90_cute' on 'NVIDIA H100 80GB HBM3 (sm90)' (bfloat16). Falling back to the declared native default — this run may be slower and the chosen config may be suboptimal. Build a tuned cache for this GPU with the autotune cache-builder (see docs/operations/dispatch-cache.md).
    config = choose_config('trimul_output_f567_sm90_cute', candidates,

-- Docs: https://docs.pytest.org/en/stable/how-to/capture-warnings.html
- generated xml file: /home/psk6950/MiniWorld/runs/trimul_f567_cute_20260916/final_tests.xml -
24 passed, 65 warnings in 14.91s
========= ERROR SUMMARY: 0 errors
